Component: ARM Compiler 5.06 update 6 (build 750) Tool: armlink [4d35ed]

==============================================================================

Section Cross References

    startup_stm32f411xe.o(RESET) refers to startup_stm32f411xe.o(STACK) for __initial_sp
    startup_stm32f411xe.o(RESET) refers to startup_stm32f411xe.o(.text) for Reset_Handler
    startup_stm32f411xe.o(RESET) refers to stm32f4xx_it.o(.text) for NMI_Handler
    startup_stm32f411xe.o(RESET) refers to tm_stm32f4_dma.o(.text) for DMA1_Stream0_IRQHandler
    startup_stm32f411xe.o(RESET) refers to tm_stm32f4_usart.o(.text) for USART1_IRQHandler
    startup_stm32f411xe.o(.text) refers to system_stm32f4xx.o(.text) for SystemInit
    startup_stm32f411xe.o(.text) refers to entry.o(.ARM.Collect$$$$00000000) for __main
    stm32f4xx_rcc.o(.text) refers to stm32f4xx_rcc.o(.data) for .data
    stm32f4xx_gpio.o(.text) refers to stm32f4xx_rcc.o(.text) for RCC_AHB1PeriphResetCmd
    stm32f4xx_usart.o(.text) refers to stm32f4xx_rcc.o(.text) for RCC_APB2PeriphResetCmd
    stm32f4xx_adc.o(.text) refers to stm32f4xx_rcc.o(.text) for RCC_APB2PeriphResetCmd
    stm32f4xx_tim.o(.text) refers to stm32f4xx_rcc.o(.text) for RCC_APB2PeriphResetCmd
    tm_stm32f4_delay.o(.text) refers to malloc.o(i.malloc) for malloc
    tm_stm32f4_delay.o(.text) refers to malloc.o(i.free) for free
    tm_stm32f4_delay.o(.text) refers to tm_stm32f4_delay.o(.data) for .data
    tm_stm32f4_delay.o(.text) refers to tm_stm32f4_delay.o(.bss) for .bss
    tm_stm32f4_delay.o(.text) refers to system_stm32f4xx.o(.data) for SystemCoreClock
    tm_stm32f4_disco.o(.text) refers to tm_stm32f4_gpio.o(.text) for TM_GPIO_Init
    tm_stm32f4_disco.o(.text) refers to tm_stm32f4_disco.o(.data) for .data
    tm_stm32f4_gpio.o(.text) refers to tm_stm32f4_gpio.o(.bss) for .bss
    tm_stm32f4_dma.o(.text) refers to misc.o(.text) for NVIC_Init
    tm_stm32f4_dma.o(.text) refers to tm_stm32f4_dma.o(.constdata) for .constdata
    tm_stm32f4_usart.o(.text) refers to tm_stm32f4_gpio.o(.text) for TM_GPIO_InitAlternate
    tm_stm32f4_usart.o(.text) refers to stm32f4xx_usart.o(.text) for USART_DeInit
    tm_stm32f4_usart.o(.text) refers to misc.o(.text) for NVIC_Init
    tm_stm32f4_usart.o(.text) refers to tm_stm32f4_usart.o(.data) for .data
    tm_stm32f4_usart.o(.data) refers to tm_stm32f4_usart.o(.bss) for TM_USART1_Buffer
    tm_stm32f4_usart.o(.data) refers to tm_stm32f4_usart.o(.bss) for TM_USART2_Buffer
    tm_stm32f4_usart.o(.data) refers to tm_stm32f4_usart.o(.bss) for TM_USART6_Buffer
    tm_stm32f4_usart_dma.o(.text) refers to tm_stm32f4_dma.o(.text) for TM_DMA_ClearFlags
    tm_stm32f4_usart_dma.o(.text) refers to stm32f4xx_dma.o(.text) for DMA_DeInit
    tm_stm32f4_usart_dma.o(.text) refers to strlen.o(.text) for strlen
    tm_stm32f4_usart_dma.o(.text) refers to tm_stm32f4_usart_dma.o(.bss) for .bss
    tm_stm32f4_usart_dma.o(.text) refers to tm_stm32f4_usart_dma.o(.data) for .data
    tm_stm32f4_adc.o(.text) refers to stm32f4xx_adc.o(.text) for ADC_CommonInit
    tm_stm32f4_adc.o(.text) refers to tm_stm32f4_gpio.o(.text) for TM_GPIO_Init
    tm_stm32f4_pwm.o(.text) refers to tm_stm32f4_timer_properties.o(.text) for TM_TIMER_PROPERTIES_GetTimerProperties
    tm_stm32f4_pwm.o(.text) refers to dfltui.o(.text) for __aeabi_ui2d
    tm_stm32f4_pwm.o(.text) refers to cdcmple.o(.text) for __aeabi_cdcmple
    tm_stm32f4_pwm.o(.text) refers to dfixui.o(.text) for __aeabi_d2uiz
    tm_stm32f4_pwm.o(.text) refers to ddiv.o(.text) for __aeabi_ddiv
    tm_stm32f4_pwm.o(.text) refers to stm32f4xx_tim.o(.text) for TIM_TimeBaseInit
    tm_stm32f4_pwm.o(.text) refers to tm_stm32f4_gpio.o(.text) for TM_GPIO_InitAlternate
    tm_stm32f4_timer_properties.o(.text) refers to stm32f4xx_rcc.o(.text) for RCC_GetClocksFreq
    tm_stm32f4_timer_properties.o(.text) refers to dfltui.o(.text) for __aeabi_ui2d
    tm_stm32f4_timer_properties.o(.text) refers to cdcmple.o(.text) for __aeabi_cdcmple
    tm_stm32f4_timer_properties.o(.text) refers to ddiv.o(.text) for __aeabi_ddiv
    tm_stm32f4_timer_properties.o(.text) refers to dfixui.o(.text) for __aeabi_d2uiz
    main.o(.text) refers to system_stm32f4xx.o(.text) for SystemInit
    main.o(.text) refers to tm_stm32f4_delay.o(.text) for TM_DELAY_Init
    main.o(.text) refers to app_led_control.o(.text) for app_led_init
    main.o(.text) refers to app_photoresistor_sensor.o(.text) for app_photoresistor_init
    main.o(.text) refers to app_motor_control.o(.text) for app_motor_init
    main.o(.text) refers to app_gps_task.o(.text) for app_gps_init
    main.o(.text) refers to tm_stm32f4_delay.o(.data) for TM_Time
    stm32f4xx_it.o(.text) refers to tm_stm32f4_delay.o(.text) for TimingDelay_Decrement
    system_stm32f4xx.o(.text) refers to system_stm32f4xx.o(.data) for .data
    app_button_control.o(.text) refers to tm_stm32f4_disco.o(.text) for TM_DISCO_ButtonInit
    app_gps_task.o(.text) refers to tm_stm32f4_usart_dma.o(.text) for TM_USART_DMA_Send
    app_gps_task.o(.text) refers to tm_stm32f4_usart.o(.text) for TM_USART_Gets
    app_gps_task.o(.text) refers to strlen.o(.text) for strlen
    app_gps_task.o(.text) refers to app_gps_task.o(.data) for .data
    app_led_control.o(.text) refers to tm_stm32f4_disco.o(.text) for TM_DISCO_LedInit
    app_led_control.o(.text) refers to app_led_control.o(.data) for .data
    app_motor_control.o(.text) refers to dfltui.o(.text) for __aeabi_ui2d
    app_motor_control.o(.text) refers to tm_stm32f4_pwm.o(.text) for TM_PWM_InitTimer
    app_motor_control.o(.text) refers to tm_stm32f4_gpio.o(.text) for TM_GPIO_Init
    app_motor_control.o(.text) refers to app_motor_control.o(.bss) for .bss
    app_motor_control.o(.text) refers to app_motor_control.o(.data) for .data
    app_motor_control.o(.text) refers to tm_stm32f4_delay.o(.data) for TM_Time
    app_photoresistor_sensor.o(.text) refers to tm_stm32f4_adc.o(.text) for TM_ADC_Init
    entry.o(.ARM.Collect$$$$00000000) refers (Special) to entry10a.o(.ARM.Collect$$$$0000000D) for __rt_final_cpp
    entry.o(.ARM.Collect$$$$00000000) refers (Special) to entry11a.o(.ARM.Collect$$$$0000000F) for __rt_final_exit
    entry.o(.ARM.Collect$$$$00000000) refers (Special) to entry7b.o(.ARM.Collect$$$$00000008) for _main_clock
    entry.o(.ARM.Collect$$$$00000000) refers (Special) to entry8b.o(.ARM.Collect$$$$0000000A) for _main_cpp_init
    entry.o(.ARM.Collect$$$$00000000) refers (Special) to entry9a.o(.ARM.Collect$$$$0000000B) for _main_init
    entry.o(.ARM.Collect$$$$00000000) refers (Special) to entry5.o(.ARM.Collect$$$$00000004) for _main_scatterload
    entry.o(.ARM.Collect$$$$00000000) refers (Special) to entry2.o(.ARM.Collect$$$$00000001) for _main_stk
    malloc.o(i.free) refers to mvars.o(.data) for __microlib_freelist
    malloc.o(i.malloc) refers to mvars.o(.data) for __microlib_freelist_initialised
    malloc.o(i.malloc) refers to mvars.o(.data) for __microlib_freelist
    malloc.o(i.malloc) refers to startup_stm32f411xe.o(HEAP) for __heap_base
    mallocr.o(i.__free$realloc) refers to mvars.o(.data) for __microlib_freelist
    mallocr.o(i.__malloc$realloc) refers to mallocr.o(i.internal_alloc) for internal_alloc
    mallocr.o(i.__malloc$realloc) refers to mvars.o(.data) for __microlib_freelist_initialised
    mallocr.o(i.__malloc$realloc) refers to startup_stm32f411xe.o(HEAP) for __heap_base
    mallocr.o(i.__malloc$realloc) refers to mvars.o(.data) for __microlib_freelist
    mallocr.o(i.internal_alloc) refers to memcpya.o(.text) for __aeabi_memcpy
    mallocr.o(i.internal_alloc) refers to mvars.o(.data) for __microlib_freelist
    mallocr.o(i.realloc) refers to mallocr.o(i.__free$realloc) for __free$realloc
    mallocr.o(i.realloc) refers to mallocr.o(i.internal_alloc) for internal_alloc
    mallocr.o(i.realloc) refers to mallocr.o(i.__malloc$realloc) for __malloc$realloc
    mallocr.o(i.realloc) refers to mvars.o(.data) for __microlib_freelist
    malloca.o(i.__aligned_malloc) refers to mvars.o(.data) for __microlib_freelist_initialised
    malloca.o(i.__aligned_malloc) refers to mvars.o(.data) for __microlib_freelist
    malloca.o(i.__aligned_malloc) refers to startup_stm32f411xe.o(HEAP) for __heap_base
    malloca.o(i.__free$memalign) refers to mvars.o(.data) for __microlib_freelist
    malloca.o(i.__malloc$memalign) refers to malloca.o(i.__aligned_malloc) for __aligned_malloc
    mallocra.o(i.__aligned_malloc$realloc) refers to mallocra.o(i.internal_alloc) for internal_alloc
    mallocra.o(i.__aligned_malloc$realloc) refers to mvars.o(.data) for __microlib_freelist_initialised
    mallocra.o(i.__aligned_malloc$realloc) refers to startup_stm32f411xe.o(HEAP) for __heap_base
    mallocra.o(i.__aligned_malloc$realloc) refers to mvars.o(.data) for __microlib_freelist
    mallocra.o(i.__free$realloc$memalign) refers to mvars.o(.data) for __microlib_freelist
    mallocra.o(i.__malloc$realloc$memalign) refers to mallocra.o(i.__aligned_malloc$realloc) for __aligned_malloc$realloc
    mallocra.o(i.__realloc$memalign) refers to mallocra.o(i.__free$realloc$memalign) for __free$realloc$memalign
    mallocra.o(i.__realloc$memalign) refers to mallocra.o(i.internal_alloc) for internal_alloc
    mallocra.o(i.__realloc$memalign) refers to mallocra.o(i.__malloc$realloc$memalign) for __malloc$realloc$memalign
    mallocra.o(i.__realloc$memalign) refers to mvars.o(.data) for __microlib_freelist
    mallocra.o(i.internal_alloc) refers to memcpya.o(.text) for __aeabi_memcpy
    mallocra.o(i.internal_alloc) refers to mvars.o(.data) for __microlib_freelist
    ddiv.o(.text) refers (Special) to iusefp.o(.text) for __I$use$fp
    ddiv.o(.text) refers to depilogue.o(.text) for _double_round
    dfltui.o(.text) refers (Special) to iusefp.o(.text) for __I$use$fp
    dfltui.o(.text) refers to depilogue.o(.text) for _double_epilogue
    dfixui.o(.text) refers (Special) to iusefp.o(.text) for __I$use$fp
    dfixui.o(.text) refers to llushr.o(.text) for __aeabi_llsr
    cdcmple.o(.text) refers (Special) to iusefp.o(.text) for __I$use$fp
    entry2.o(.ARM.Collect$$$$00000001) refers to entry2.o(.ARM.Collect$$$$00002712) for __lit__00000000
    entry2.o(.ARM.Collect$$$$00002712) refers to startup_stm32f411xe.o(STACK) for __initial_sp
    entry2.o(__vectab_stack_and_reset_area) refers to startup_stm32f411xe.o(STACK) for __initial_sp
    entry2.o(__vectab_stack_and_reset_area) refers to entry.o(.ARM.Collect$$$$00000000) for __main
    entry5.o(.ARM.Collect$$$$00000004) refers to init.o(.text) for __scatterload
    entry9a.o(.ARM.Collect$$$$0000000B) refers to main.o(.text) for main
    entry9b.o(.ARM.Collect$$$$0000000C) refers to main.o(.text) for main
    depilogue.o(.text) refers to llshl.o(.text) for __aeabi_llsl
    depilogue.o(.text) refers to llushr.o(.text) for __aeabi_llsr
    init.o(.text) refers to entry5.o(.ARM.Collect$$$$00000004) for __main_after_scatterload


==============================================================================

Removing Unused input sections from the image.

    Removing misc.o(.rev16_text), (4 bytes).
    Removing misc.o(.revsh_text), (4 bytes).
    Removing misc.o(.rrx_text), (6 bytes).
    Removing stm32f4xx_rcc.o(.rev16_text), (4 bytes).
    Removing stm32f4xx_rcc.o(.revsh_text), (4 bytes).
    Removing stm32f4xx_rcc.o(.rrx_text), (6 bytes).
    Removing stm32f4xx_gpio.o(.rev16_text), (4 bytes).
    Removing stm32f4xx_gpio.o(.revsh_text), (4 bytes).
    Removing stm32f4xx_gpio.o(.rrx_text), (6 bytes).
    Removing stm32f4xx_gpio.o(.text), (524 bytes).
    Removing stm32f4xx_dma.o(.rev16_text), (4 bytes).
    Removing stm32f4xx_dma.o(.revsh_text), (4 bytes).
    Removing stm32f4xx_dma.o(.rrx_text), (6 bytes).
    Removing stm32f4xx_usart.o(.rev16_text), (4 bytes).
    Removing stm32f4xx_usart.o(.revsh_text), (4 bytes).
    Removing stm32f4xx_usart.o(.rrx_text), (6 bytes).
    Removing stm32f4xx_adc.o(.rev16_text), (4 bytes).
    Removing stm32f4xx_adc.o(.revsh_text), (4 bytes).
    Removing stm32f4xx_adc.o(.rrx_text), (6 bytes).
    Removing stm32f4xx_tim.o(.rev16_text), (4 bytes).
    Removing stm32f4xx_tim.o(.revsh_text), (4 bytes).
    Removing stm32f4xx_tim.o(.rrx_text), (6 bytes).
    Removing tm_stm32f4_delay.o(.rev16_text), (4 bytes).
    Removing tm_stm32f4_delay.o(.revsh_text), (4 bytes).
    Removing tm_stm32f4_delay.o(.rrx_text), (6 bytes).
    Removing tm_stm32f4_delay.o(.data), (4 bytes).
    Removing tm_stm32f4_disco.o(.rev16_text), (4 bytes).
    Removing tm_stm32f4_disco.o(.revsh_text), (4 bytes).
    Removing tm_stm32f4_disco.o(.rrx_text), (6 bytes).
    Removing tm_stm32f4_gpio.o(.rev16_text), (4 bytes).
    Removing tm_stm32f4_gpio.o(.revsh_text), (4 bytes).
    Removing tm_stm32f4_gpio.o(.rrx_text), (6 bytes).
    Removing tm_stm32f4_dma.o(.rev16_text), (4 bytes).
    Removing tm_stm32f4_dma.o(.revsh_text), (4 bytes).
    Removing tm_stm32f4_dma.o(.rrx_text), (6 bytes).
    Removing tm_stm32f4_usart.o(.rev16_text), (4 bytes).
    Removing tm_stm32f4_usart.o(.revsh_text), (4 bytes).
    Removing tm_stm32f4_usart.o(.rrx_text), (6 bytes).
    Removing tm_stm32f4_usart_dma.o(.rev16_text), (4 bytes).
    Removing tm_stm32f4_usart_dma.o(.revsh_text), (4 bytes).
    Removing tm_stm32f4_usart_dma.o(.rrx_text), (6 bytes).
    Removing tm_stm32f4_adc.o(.rev16_text), (4 bytes).
    Removing tm_stm32f4_adc.o(.revsh_text), (4 bytes).
    Removing tm_stm32f4_adc.o(.rrx_text), (6 bytes).
    Removing tm_stm32f4_pwm.o(.rev16_text), (4 bytes).
    Removing tm_stm32f4_pwm.o(.revsh_text), (4 bytes).
    Removing tm_stm32f4_pwm.o(.rrx_text), (6 bytes).
    Removing tm_stm32f4_timer_properties.o(.rev16_text), (4 bytes).
    Removing tm_stm32f4_timer_properties.o(.revsh_text), (4 bytes).
    Removing tm_stm32f4_timer_properties.o(.rrx_text), (6 bytes).
    Removing main.o(.rev16_text), (4 bytes).
    Removing main.o(.revsh_text), (4 bytes).
    Removing main.o(.rrx_text), (6 bytes).
    Removing stm32f4xx_it.o(.rev16_text), (4 bytes).
    Removing stm32f4xx_it.o(.revsh_text), (4 bytes).
    Removing stm32f4xx_it.o(.rrx_text), (6 bytes).
    Removing system_stm32f4xx.o(.rev16_text), (4 bytes).
    Removing system_stm32f4xx.o(.revsh_text), (4 bytes).
    Removing system_stm32f4xx.o(.rrx_text), (6 bytes).
    Removing app_button_control.o(.rev16_text), (4 bytes).
    Removing app_button_control.o(.revsh_text), (4 bytes).
    Removing app_button_control.o(.rrx_text), (6 bytes).
    Removing app_button_control.o(.text), (18 bytes).
    Removing app_gps_task.o(.rev16_text), (4 bytes).
    Removing app_gps_task.o(.revsh_text), (4 bytes).
    Removing app_gps_task.o(.rrx_text), (6 bytes).
    Removing app_led_control.o(.rev16_text), (4 bytes).
    Removing app_led_control.o(.revsh_text), (4 bytes).
    Removing app_led_control.o(.rrx_text), (6 bytes).
    Removing app_motor_control.o(.rev16_text), (4 bytes).
    Removing app_motor_control.o(.revsh_text), (4 bytes).
    Removing app_motor_control.o(.rrx_text), (6 bytes).
    Removing app_photoresistor_sensor.o(.rev16_text), (4 bytes).
    Removing app_photoresistor_sensor.o(.revsh_text), (4 bytes).
    Removing app_photoresistor_sensor.o(.rrx_text), (6 bytes).

75 unused section(s) (total 882 bytes) removed from the image.

==============================================================================

Image Symbol Table

    Local Symbols

    Symbol Name                              Value     Ov Type        Size  Object(Section)

    ../clib/microlib/init/entry.s            0x00000000   Number         0  entry11b.o ABSOLUTE
    ../clib/microlib/init/entry.s            0x00000000   Number         0  entry7b.o ABSOLUTE
    ../clib/microlib/init/entry.s            0x00000000   Number         0  entry7a.o ABSOLUTE
    ../clib/microlib/init/entry.s            0x00000000   Number         0  entry11a.o ABSOLUTE
    ../clib/microlib/init/entry.s            0x00000000   Number         0  entry.o ABSOLUTE
    ../clib/microlib/init/entry.s            0x00000000   Number         0  entry10a.o ABSOLUTE
    ../clib/microlib/init/entry.s            0x00000000   Number         0  entry9b.o ABSOLUTE
    ../clib/microlib/init/entry.s            0x00000000   Number         0  entry5.o ABSOLUTE
    ../clib/microlib/init/entry.s            0x00000000   Number         0  entry9a.o ABSOLUTE
    ../clib/microlib/init/entry.s            0x00000000   Number         0  entry8b.o ABSOLUTE
    ../clib/microlib/init/entry.s            0x00000000   Number         0  entry10b.o ABSOLUTE
    ../clib/microlib/init/entry.s            0x00000000   Number         0  entry8a.o ABSOLUTE
    ../clib/microlib/init/entry.s            0x00000000   Number         0  entry2.o ABSOLUTE
    ../clib/microlib/longlong.c              0x00000000   Number         0  llshl.o ABSOLUTE
    ../clib/microlib/longlong.c              0x00000000   Number         0  llushr.o ABSOLUTE
    ../clib/microlib/malloc/malloc.c         0x00000000   Number         0  malloca.o ABSOLUTE
    ../clib/microlib/malloc/malloc.c         0x00000000   Number         0  mallocr.o ABSOLUTE
    ../clib/microlib/malloc/malloc.c         0x00000000   Number         0  malloc.o ABSOLUTE
    ../clib/microlib/malloc/malloc.c         0x00000000   Number         0  mallocra.o ABSOLUTE
    ../clib/microlib/malloc/mvars.c          0x00000000   Number         0  mvars.o ABSOLUTE
    ../clib/microlib/string/memcpy.c         0x00000000   Number         0  memcpyb.o ABSOLUTE
    ../clib/microlib/string/memcpy.c         0x00000000   Number         0  memcpya.o ABSOLUTE
    ../clib/microlib/string/strlen.c         0x00000000   Number         0  strlen.o ABSOLUTE
    ../clib/microlib/stubs.s                 0x00000000   Number         0  iusefp.o ABSOLUTE
    ../fplib/microlib/fpdiv.c                0x00000000   Number         0  ddiv.o ABSOLUTE
    ../fplib/microlib/fpepilogue.c           0x00000000   Number         0  depilogue.o ABSOLUTE
    ../fplib/microlib/fpfix.c                0x00000000   Number         0  dfixui.o ABSOLUTE
    ../fplib/microlib/fpflt.c                0x00000000   Number         0  dfltui.o ABSOLUTE
    ..\00-STM32F429_LIBRARIES\tm_stm32f4_adc.c 0x00000000   Number         0  tm_stm32f4_adc.o ABSOLUTE
    ..\00-STM32F429_LIBRARIES\tm_stm32f4_delay.c 0x00000000   Number         0  tm_stm32f4_delay.o ABSOLUTE
    ..\00-STM32F429_LIBRARIES\tm_stm32f4_disco.c 0x00000000   Number         0  tm_stm32f4_disco.o ABSOLUTE
    ..\00-STM32F429_LIBRARIES\tm_stm32f4_dma.c 0x00000000   Number         0  tm_stm32f4_dma.o ABSOLUTE
    ..\00-STM32F429_LIBRARIES\tm_stm32f4_gpio.c 0x00000000   Number         0  tm_stm32f4_gpio.o ABSOLUTE
    ..\00-STM32F429_LIBRARIES\tm_stm32f4_pwm.c 0x00000000   Number         0  tm_stm32f4_pwm.o ABSOLUTE
    ..\00-STM32F429_LIBRARIES\tm_stm32f4_timer_properties.c 0x00000000   Number         0  tm_stm32f4_timer_properties.o ABSOLUTE
    ..\00-STM32F429_LIBRARIES\tm_stm32f4_usart.c 0x00000000   Number         0  tm_stm32f4_usart.o ABSOLUTE
    ..\00-STM32F429_LIBRARIES\tm_stm32f4_usart_dma.c 0x00000000   Number         0  tm_stm32f4_usart_dma.o ABSOLUTE
    ..\00-STM32F4xx_STANDARD_PERIPHERAL_DRIVERS\CMSIS\Device\ST\STM32F4xx\Source\Templates\arm\startup_stm32f411xe.s 0x00000000   Number         0  startup_stm32f411xe.o ABSOLUTE
    ..\00-STM32F4xx_STANDARD_PERIPHERAL_DRIVERS\STM32F4xx_StdPeriph_Driver\src\misc.c 0x00000000   Number         0  misc.o ABSOLUTE
    ..\00-STM32F4xx_STANDARD_PERIPHERAL_DRIVERS\STM32F4xx_StdPeriph_Driver\src\stm32f4xx_adc.c 0x00000000   Number         0  stm32f4xx_adc.o ABSOLUTE
    ..\00-STM32F4xx_STANDARD_PERIPHERAL_DRIVERS\STM32F4xx_StdPeriph_Driver\src\stm32f4xx_dma.c 0x00000000   Number         0  stm32f4xx_dma.o ABSOLUTE
    ..\00-STM32F4xx_STANDARD_PERIPHERAL_DRIVERS\STM32F4xx_StdPeriph_Driver\src\stm32f4xx_gpio.c 0x00000000   Number         0  stm32f4xx_gpio.o ABSOLUTE
    ..\00-STM32F4xx_STANDARD_PERIPHERAL_DRIVERS\STM32F4xx_StdPeriph_Driver\src\stm32f4xx_rcc.c 0x00000000   Number         0  stm32f4xx_rcc.o ABSOLUTE
    ..\00-STM32F4xx_STANDARD_PERIPHERAL_DRIVERS\STM32F4xx_StdPeriph_Driver\src\stm32f4xx_tim.c 0x00000000   Number         0  stm32f4xx_tim.o ABSOLUTE
    ..\00-STM32F4xx_STANDARD_PERIPHERAL_DRIVERS\STM32F4xx_StdPeriph_Driver\src\stm32f4xx_usart.c 0x00000000   Number         0  stm32f4xx_usart.o ABSOLUTE
    ..\\00-STM32F429_LIBRARIES\\tm_stm32f4_adc.c 0x00000000   Number         0  tm_stm32f4_adc.o ABSOLUTE
    ..\\00-STM32F429_LIBRARIES\\tm_stm32f4_delay.c 0x00000000   Number         0  tm_stm32f4_delay.o ABSOLUTE
    ..\\00-STM32F429_LIBRARIES\\tm_stm32f4_disco.c 0x00000000   Number         0  tm_stm32f4_disco.o ABSOLUTE
    ..\\00-STM32F429_LIBRARIES\\tm_stm32f4_dma.c 0x00000000   Number         0  tm_stm32f4_dma.o ABSOLUTE
    ..\\00-STM32F429_LIBRARIES\\tm_stm32f4_gpio.c 0x00000000   Number         0  tm_stm32f4_gpio.o ABSOLUTE
    ..\\00-STM32F429_LIBRARIES\\tm_stm32f4_pwm.c 0x00000000   Number         0  tm_stm32f4_pwm.o ABSOLUTE
    ..\\00-STM32F429_LIBRARIES\\tm_stm32f4_timer_properties.c 0x00000000   Number         0  tm_stm32f4_timer_properties.o ABSOLUTE
    ..\\00-STM32F429_LIBRARIES\\tm_stm32f4_usart.c 0x00000000   Number         0  tm_stm32f4_usart.o ABSOLUTE
    ..\\00-STM32F429_LIBRARIES\\tm_stm32f4_usart_dma.c 0x00000000   Number         0  tm_stm32f4_usart_dma.o ABSOLUTE
    ..\\00-STM32F4xx_STANDARD_PERIPHERAL_DRIVERS\\STM32F4xx_StdPeriph_Driver\\src\\misc.c 0x00000000   Number         0  misc.o ABSOLUTE
    ..\\00-STM32F4xx_STANDARD_PERIPHERAL_DRIVERS\\STM32F4xx_StdPeriph_Driver\\src\\stm32f4xx_adc.c 0x00000000   Number         0  stm32f4xx_adc.o ABSOLUTE
    ..\\00-STM32F4xx_STANDARD_PERIPHERAL_DRIVERS\\STM32F4xx_StdPeriph_Driver\\src\\stm32f4xx_dma.c 0x00000000   Number         0  stm32f4xx_dma.o ABSOLUTE
    ..\\00-STM32F4xx_STANDARD_PERIPHERAL_DRIVERS\\STM32F4xx_StdPeriph_Driver\\src\\stm32f4xx_gpio.c 0x00000000   Number         0  stm32f4xx_gpio.o ABSOLUTE
    ..\\00-STM32F4xx_STANDARD_PERIPHERAL_DRIVERS\\STM32F4xx_StdPeriph_Driver\\src\\stm32f4xx_rcc.c 0x00000000   Number         0  stm32f4xx_rcc.o ABSOLUTE
    ..\\00-STM32F4xx_STANDARD_PERIPHERAL_DRIVERS\\STM32F4xx_StdPeriph_Driver\\src\\stm32f4xx_tim.c 0x00000000   Number         0  stm32f4xx_tim.o ABSOLUTE
    ..\\00-STM32F4xx_STANDARD_PERIPHERAL_DRIVERS\\STM32F4xx_StdPeriph_Driver\\src\\stm32f4xx_usart.c 0x00000000   Number         0  stm32f4xx_usart.o ABSOLUTE
    User\\main.c                             0x00000000   Number         0  main.o ABSOLUTE
    User\\stm32f4xx_it.c                     0x00000000   Number         0  stm32f4xx_it.o ABSOLUTE
    User\\system_stm32f4xx.c                 0x00000000   Number         0  system_stm32f4xx.o ABSOLUTE
    User\main.c                              0x00000000   Number         0  main.o ABSOLUTE
    User\stm32f4xx_it.c                      0x00000000   Number         0  stm32f4xx_it.o ABSOLUTE
    User\system_stm32f4xx.c                  0x00000000   Number         0  system_stm32f4xx.o ABSOLUTE
    application\\app_button_control.c        0x00000000   Number         0  app_button_control.o ABSOLUTE
    application\\app_gps_task.c              0x00000000   Number         0  app_gps_task.o ABSOLUTE
    application\\app_led_control.c           0x00000000   Number         0  app_led_control.o ABSOLUTE
    application\\app_motor_control.c         0x00000000   Number         0  app_motor_control.o ABSOLUTE
    application\\app_photoresistor_sensor.c  0x00000000   Number         0  app_photoresistor_sensor.o ABSOLUTE
    application\app_button_control.c         0x00000000   Number         0  app_button_control.o ABSOLUTE
    application\app_gps_task.c               0x00000000   Number         0  app_gps_task.o ABSOLUTE
    application\app_led_control.c            0x00000000   Number         0  app_led_control.o ABSOLUTE
    application\app_motor_control.c          0x00000000   Number         0  app_motor_control.o ABSOLUTE
    application\app_photoresistor_sensor.c   0x00000000   Number         0  app_photoresistor_sensor.o ABSOLUTE
    cdcmple.s                                0x00000000   Number         0  cdcmple.o ABSOLUTE
    dc.s                                     0x00000000   Number         0  dc.o ABSOLUTE
    handlers.s                               0x00000000   Number         0  handlers.o ABSOLUTE
    init.s                                   0x00000000   Number         0  init.o ABSOLUTE
    RESET                                    0x08000000   Section      408  startup_stm32f411xe.o(RESET)
    .ARM.Collect$$$$00000000                 0x08000198   Section        0  entry.o(.ARM.Collect$$$$00000000)
    .ARM.Collect$$$$00000001                 0x08000198   Section        4  entry2.o(.ARM.Collect$$$$00000001)
    .ARM.Collect$$$$00000004                 0x0800019c   Section        4  entry5.o(.ARM.Collect$$$$00000004)
    .ARM.Collect$$$$00000008                 0x080001a0   Section        0  entry7b.o(.ARM.Collect$$$$00000008)
    .ARM.Collect$$$$0000000A                 0x080001a0   Section        0  entry8b.o(.ARM.Collect$$$$0000000A)
    .ARM.Collect$$$$0000000B                 0x080001a0   Section        8  entry9a.o(.ARM.Collect$$$$0000000B)
    .ARM.Collect$$$$0000000D                 0x080001a8   Section        0  entry10a.o(.ARM.Collect$$$$0000000D)
    .ARM.Collect$$$$0000000F                 0x080001a8   Section        0  entry11a.o(.ARM.Collect$$$$0000000F)
    .ARM.Collect$$$$00002712                 0x080001a8   Section        4  entry2.o(.ARM.Collect$$$$00002712)
    __lit__00000000                          0x080001a8   Data           4  entry2.o(.ARM.Collect$$$$00002712)
    .text                                    0x080001ac   Section       36  startup_stm32f411xe.o(.text)
    $v0                                      0x080001ac   Number         0  startup_stm32f411xe.o(.text)
    .text                                    0x080001d0   Section        0  misc.o(.text)
    .text                                    0x08000280   Section        0  stm32f4xx_rcc.o(.text)
    .text                                    0x080006a4   Section        0  stm32f4xx_dma.o(.text)
    .text                                    0x080009c4   Section        0  stm32f4xx_usart.o(.text)
    .text                                    0x08000d1c   Section        0  stm32f4xx_adc.o(.text)
    .text                                    0x08001070   Section        0  stm32f4xx_tim.o(.text)
    TI2_Config                               0x080016bb   Thumb Code    54  stm32f4xx_tim.o(.text)
    TI1_Config                               0x08001a1f   Thumb Code    46  stm32f4xx_tim.o(.text)
    .text                                    0x08001a4c   Section        0  tm_stm32f4_delay.o(.text)
    .text                                    0x08001bcc   Section        0  tm_stm32f4_disco.o(.text)
    .text                                    0x08001c50   Section        0  tm_stm32f4_gpio.o(.text)
    .text                                    0x08001eec   Section        0  tm_stm32f4_dma.o(.text)
    TM_DMA_INT_ProcessInterrupt              0x0800200d   Thumb Code   102  tm_stm32f4_dma.o(.text)
    .text                                    0x080020e0   Section        0  tm_stm32f4_usart.o(.text)
    TM_USART_INT_Init                        0x080021d1   Thumb Code   218  tm_stm32f4_usart.o(.text)
    .text                                    0x08002554   Section        0  tm_stm32f4_usart_dma.o(.text)
    TM_USART_DMA_INT_GetSettings             0x08002671   Thumb Code    32  tm_stm32f4_usart_dma.o(.text)
    .text                                    0x080026ac   Section        0  tm_stm32f4_adc.o(.text)
    .text                                    0x080029e8   Section        0  tm_stm32f4_pwm.o(.text)
    .text                                    0x08003338   Section        0  tm_stm32f4_timer_properties.o(.text)
    .text                                    0x08003644   Section        0  main.o(.text)
    .text                                    0x0800369c   Section        0  stm32f4xx_it.o(.text)
    .text                                    0x080036b8   Section        0  system_stm32f4xx.o(.text)
    SetSysClock                              0x08003723   Thumb Code   186  system_stm32f4xx.o(.text)
    .text                                    0x08003850   Section        0  app_gps_task.o(.text)
    .text                                    0x08003908   Section        0  app_led_control.o(.text)
    .text                                    0x080039d8   Section        0  app_motor_control.o(.text)
    Delayms                                  0x08003b1d   Thumb Code    44  app_motor_control.o(.text)
    .text                                    0x08003b5c   Section        0  app_photoresistor_sensor.o(.text)
    .text                                    0x08003b90   Section        0  strlen.o(.text)
    .text                                    0x08003b9e   Section        0  ddiv.o(.text)
    .text                                    0x08003c7c   Section        0  dfltui.o(.text)
    .text                                    0x08003c96   Section        0  dfixui.o(.text)
    .text                                    0x08003cc8   Section       48  cdcmple.o(.text)
    .text                                    0x08003cf8   Section        0  llushr.o(.text)
    .text                                    0x08003d18   Section        0  depilogue.o(.text)
    .text                                    0x08003d18   Section        0  iusefp.o(.text)
    .text                                    0x08003dd4   Section       36  init.o(.text)
    .text                                    0x08003df8   Section        0  llshl.o(.text)
    i.__scatterload_copy                     0x08003e16   Section       14  handlers.o(i.__scatterload_copy)
    i.__scatterload_null                     0x08003e24   Section        2  handlers.o(i.__scatterload_null)
    i.__scatterload_zeroinit                 0x08003e26   Section       14  handlers.o(i.__scatterload_zeroinit)
    i.free                                   0x08003e34   Section        0  malloc.o(i.free)
    i.malloc                                 0x08003e84   Section        0  malloc.o(i.malloc)
    .constdata                               0x08003ef0   Section       20  tm_stm32f4_dma.o(.constdata)
    DMA_Flags_Bit_Pos                        0x08003ef0   Data           4  tm_stm32f4_dma.o(.constdata)
    DMA_IRQs                                 0x08003ef4   Data          16  tm_stm32f4_dma.o(.constdata)
    .data                                    0x20000000   Section       16  stm32f4xx_rcc.o(.data)
    APBAHBPrescTable                         0x20000000   Data          16  stm32f4xx_rcc.o(.data)
    .data                                    0x20000010   Section       16  tm_stm32f4_delay.o(.data)
    .data                                    0x20000020   Section        1  tm_stm32f4_disco.o(.data)
    TM_INT_DISCO_ButtonPressed               0x20000020   Data           1  tm_stm32f4_disco.o(.data)
    .data                                    0x20000024   Section       48  tm_stm32f4_usart.o(.data)
    .data                                    0x20000054   Section       24  tm_stm32f4_usart_dma.o(.data)
    USART1_DMA_INT                           0x20000054   Data           8  tm_stm32f4_usart_dma.o(.data)
    USART2_DMA_INT                           0x2000005c   Data           8  tm_stm32f4_usart_dma.o(.data)
    USART6_DMA_INT                           0x20000064   Data           8  tm_stm32f4_usart_dma.o(.data)
    .data                                    0x2000006c   Section       20  system_stm32f4xx.o(.data)
    .data                                    0x20000080   Section      110  app_gps_task.o(.data)
    OPEN_GPS_AT                              0x20000080   Data          10  app_gps_task.o(.data)
    USART_Buffer                             0x2000008a   Data         100  app_gps_task.o(.data)
    .data                                    0x200000ee   Section        4  app_led_control.o(.data)
    red_flag                                 0x200000ee   Data           1  app_led_control.o(.data)
    green_flag                               0x200000ef   Data           1  app_led_control.o(.data)
    blue_flag                                0x200000f0   Data           1  app_led_control.o(.data)
    init_flag                                0x200000f1   Data           1  app_led_control.o(.data)
    .data                                    0x200000f2   Section        2  app_motor_control.o(.data)
    motor1_flag                              0x200000f2   Data           1  app_motor_control.o(.data)
    motor2_flag                              0x200000f3   Data           1  app_motor_control.o(.data)
    .data                                    0x200000f4   Section        4  mvars.o(.data)
    .data                                    0x200000f8   Section        4  mvars.o(.data)
    .bss                                     0x200000fc   Section       24  tm_stm32f4_delay.o(.bss)
    CustomTimers                             0x200000fc   Data          24  tm_stm32f4_delay.o(.bss)
    .bss                                     0x20000114   Section       22  tm_stm32f4_gpio.o(.bss)
    GPIO_UsedPins                            0x20000114   Data          22  tm_stm32f4_gpio.o(.bss)
    .bss                                     0x2000012a   Section       32  tm_stm32f4_usart.o(.bss)
    .bss                                     0x2000014a   Section       32  tm_stm32f4_usart.o(.bss)
    .bss                                     0x2000016a   Section       32  tm_stm32f4_usart.o(.bss)
    .bss                                     0x2000018c   Section       60  tm_stm32f4_usart_dma.o(.bss)
    DMA_InitStruct                           0x2000018c   Data          60  tm_stm32f4_usart_dma.o(.bss)
    .bss                                     0x200001c8   Section       80  app_motor_control.o(.bss)
    TIM2_Data                                0x200001c8   Data          40  app_motor_control.o(.bss)
    TIM3_Data                                0x200001f0   Data          40  app_motor_control.o(.bss)
    HEAP                                     0x20000218   Section      512  startup_stm32f411xe.o(HEAP)
    STACK                                    0x20000418   Section     1024  startup_stm32f411xe.o(STACK)

    Global Symbols

    Symbol Name                              Value     Ov Type        Size  Object(Section)

    BuildAttributes$$THM_ISAv4$E$P$D$K$B$S$7EM$VFPi3$EXTD16$VFPS$VFMA$PE$A:L22UL41UL21$X:L11$S22US41US21$IEEE1$IW$USESV6$~STKCKD$USESV7$~SHL$OSPACE$ROPI$EBA8$MICROLIB$REQ8$PRES8$EABIv2 0x00000000   Number         0  anon$$obj.o ABSOLUTE
    __ARM_use_no_argv                        0x00000000   Number         0  main.o ABSOLUTE
    TM_DELAY_1msHandler                       - Undefined Weak Reference
    __cpp_initialize__aeabi_                  - Undefined Weak Reference
    __cxa_finalize                            - Undefined Weak Reference
    __decompress                              - Undefined Weak Reference
    _clock_init                               - Undefined Weak Reference
    _microlib_exit                            - Undefined Weak Reference
    __Vectors_Size                           0x00000198   Number         0  startup_stm32f411xe.o ABSOLUTE
    __Vectors                                0x08000000   Data           4  startup_stm32f411xe.o(RESET)
    __Vectors_End                            0x08000198   Data           0  startup_stm32f411xe.o(RESET)
    __main                                   0x08000199   Thumb Code     0  entry.o(.ARM.Collect$$$$00000000)
    _main_stk                                0x08000199   Thumb Code     0  entry2.o(.ARM.Collect$$$$00000001)
    _main_scatterload                        0x0800019d   Thumb Code     0  entry5.o(.ARM.Collect$$$$00000004)
    __main_after_scatterload                 0x080001a1   Thumb Code     0  entry5.o(.ARM.Collect$$$$00000004)
    _main_clock                              0x080001a1   Thumb Code     0  entry7b.o(.ARM.Collect$$$$00000008)
    _main_cpp_init                           0x080001a1   Thumb Code     0  entry8b.o(.ARM.Collect$$$$0000000A)
    _main_init                               0x080001a1   Thumb Code     0  entry9a.o(.ARM.Collect$$$$0000000B)
    __rt_final_cpp                           0x080001a9   Thumb Code     0  entry10a.o(.ARM.Collect$$$$0000000D)
    __rt_final_exit                          0x080001a9   Thumb Code     0  entry11a.o(.ARM.Collect$$$$0000000F)
    Reset_Handler                            0x080001ad   Thumb Code     8  startup_stm32f411xe.o(.text)
    ADC_IRQHandler                           0x080001c7   Thumb Code     0  startup_stm32f411xe.o(.text)
    EXTI0_IRQHandler                         0x080001c7   Thumb Code     0  startup_stm32f411xe.o(.text)
    EXTI15_10_IRQHandler                     0x080001c7   Thumb Code     0  startup_stm32f411xe.o(.text)
    EXTI1_IRQHandler                         0x080001c7   Thumb Code     0  startup_stm32f411xe.o(.text)
    EXTI2_IRQHandler                         0x080001c7   Thumb Code     0  startup_stm32f411xe.o(.text)
    EXTI3_IRQHandler                         0x080001c7   Thumb Code     0  startup_stm32f411xe.o(.text)
    EXTI4_IRQHandler                         0x080001c7   Thumb Code     0  startup_stm32f411xe.o(.text)
    EXTI9_5_IRQHandler                       0x080001c7   Thumb Code     0  startup_stm32f411xe.o(.text)
    FLASH_IRQHandler                         0x080001c7   Thumb Code     0  startup_stm32f411xe.o(.text)
    FPU_IRQHandler                           0x080001c7   Thumb Code     0  startup_stm32f411xe.o(.text)
    I2C1_ER_IRQHandler                       0x080001c7   Thumb Code     0  startup_stm32f411xe.o(.text)
    I2C1_EV_IRQHandler                       0x080001c7   Thumb Code     0  startup_stm32f411xe.o(.text)
    I2C2_ER_IRQHandler                       0x080001c7   Thumb Code     0  startup_stm32f411xe.o(.text)
    I2C2_EV_IRQHandler                       0x080001c7   Thumb Code     0  startup_stm32f411xe.o(.text)
    I2C3_ER_IRQHandler                       0x080001c7   Thumb Code     0  startup_stm32f411xe.o(.text)
    I2C3_EV_IRQHandler                       0x080001c7   Thumb Code     0  startup_stm32f411xe.o(.text)
    OTG_FS_IRQHandler                        0x080001c7   Thumb Code     0  startup_stm32f411xe.o(.text)
    OTG_FS_WKUP_IRQHandler                   0x080001c7   Thumb Code     0  startup_stm32f411xe.o(.text)
    PVD_IRQHandler                           0x080001c7   Thumb Code     0  startup_stm32f411xe.o(.text)
    RCC_IRQHandler                           0x080001c7   Thumb Code     0  startup_stm32f411xe.o(.text)
    RTC_Alarm_IRQHandler                     0x080001c7   Thumb Code     0  startup_stm32f411xe.o(.text)
    RTC_WKUP_IRQHandler                      0x080001c7   Thumb Code     0  startup_stm32f411xe.o(.text)
    SDIO_IRQHandler                          0x080001c7   Thumb Code     0  startup_stm32f411xe.o(.text)
    SPI1_IRQHandler                          0x080001c7   Thumb Code     0  startup_stm32f411xe.o(.text)
    SPI2_IRQHandler                          0x080001c7   Thumb Code     0  startup_stm32f411xe.o(.text)
    SPI3_IRQHandler                          0x080001c7   Thumb Code     0  startup_stm32f411xe.o(.text)
    SPI4_IRQHandler                          0x080001c7   Thumb Code     0  startup_stm32f411xe.o(.text)
    SPI5_IRQHandler                          0x080001c7   Thumb Code     0  startup_stm32f411xe.o(.text)
    TAMP_STAMP_IRQHandler                    0x080001c7   Thumb Code     0  startup_stm32f411xe.o(.text)
    TIM1_BRK_TIM9_IRQHandler                 0x080001c7   Thumb Code     0  startup_stm32f411xe.o(.text)
    TIM1_CC_IRQHandler                       0x080001c7   Thumb Code     0  startup_stm32f411xe.o(.text)
    TIM1_TRG_COM_TIM11_IRQHandler            0x080001c7   Thumb Code     0  startup_stm32f411xe.o(.text)
    TIM1_UP_TIM10_IRQHandler                 0x080001c7   Thumb Code     0  startup_stm32f411xe.o(.text)
    TIM2_IRQHandler                          0x080001c7   Thumb Code     0  startup_stm32f411xe.o(.text)
    TIM3_IRQHandler                          0x080001c7   Thumb Code     0  startup_stm32f411xe.o(.text)
    TIM4_IRQHandler                          0x080001c7   Thumb Code     0  startup_stm32f411xe.o(.text)
    TIM5_IRQHandler                          0x080001c7   Thumb Code     0  startup_stm32f411xe.o(.text)
    WWDG_IRQHandler                          0x080001c7   Thumb Code     0  startup_stm32f411xe.o(.text)
    NVIC_PriorityGroupConfig                 0x080001d1   Thumb Code    10  misc.o(.text)
    NVIC_Init                                0x080001db   Thumb Code    96  misc.o(.text)
    NVIC_SetVectorTable                      0x0800023b   Thumb Code    14  misc.o(.text)
    NVIC_SystemLPConfig                      0x08000249   Thumb Code    20  misc.o(.text)
    SysTick_CLKSourceConfig                  0x0800025d   Thumb Code    24  misc.o(.text)
    RCC_DeInit                               0x08000281   Thumb Code    62  stm32f4xx_rcc.o(.text)
    RCC_HSEConfig                            0x080002bf   Thumb Code    12  stm32f4xx_rcc.o(.text)
    RCC_GetFlagStatus                        0x080002cb   Thumb Code    46  stm32f4xx_rcc.o(.text)
    RCC_WaitForHSEStartUp                    0x080002f9   Thumb Code    44  stm32f4xx_rcc.o(.text)
    RCC_AdjustHSICalibrationValue            0x08000325   Thumb Code    16  stm32f4xx_rcc.o(.text)
    RCC_HSICmd                               0x08000335   Thumb Code     6  stm32f4xx_rcc.o(.text)
    RCC_LSEConfig                            0x0800033b   Thumb Code    24  stm32f4xx_rcc.o(.text)
    RCC_LSICmd                               0x08000353   Thumb Code     6  stm32f4xx_rcc.o(.text)
    RCC_PLLConfig                            0x08000359   Thumb Code    32  stm32f4xx_rcc.o(.text)
    RCC_PLLCmd                               0x08000379   Thumb Code     6  stm32f4xx_rcc.o(.text)
    RCC_PLLI2SConfig                         0x0800037f   Thumb Code    16  stm32f4xx_rcc.o(.text)
    RCC_PLLI2SCmd                            0x0800038f   Thumb Code     6  stm32f4xx_rcc.o(.text)
    RCC_PLLSAIConfig                         0x08000395   Thumb Code    18  stm32f4xx_rcc.o(.text)
    RCC_PLLSAICmd                            0x080003a7   Thumb Code     6  stm32f4xx_rcc.o(.text)
    RCC_ClockSecuritySystemCmd               0x080003ad   Thumb Code     6  stm32f4xx_rcc.o(.text)
    RCC_MCO1Config                           0x080003b3   Thumb Code    18  stm32f4xx_rcc.o(.text)
    RCC_MCO2Config                           0x080003c5   Thumb Code    18  stm32f4xx_rcc.o(.text)
    RCC_SYSCLKConfig                         0x080003d7   Thumb Code    16  stm32f4xx_rcc.o(.text)
    RCC_GetSYSCLKSource                      0x080003e7   Thumb Code    12  stm32f4xx_rcc.o(.text)
    RCC_HCLKConfig                           0x080003f3   Thumb Code    16  stm32f4xx_rcc.o(.text)
    RCC_PCLK1Config                          0x08000403   Thumb Code    16  stm32f4xx_rcc.o(.text)
    RCC_PCLK2Config                          0x08000413   Thumb Code    18  stm32f4xx_rcc.o(.text)
    RCC_GetClocksFreq                        0x08000425   Thumb Code   134  stm32f4xx_rcc.o(.text)
    RCC_RTCCLKConfig                         0x080004ab   Thumb Code    42  stm32f4xx_rcc.o(.text)
    RCC_RTCCLKCmd                            0x080004d5   Thumb Code     8  stm32f4xx_rcc.o(.text)
    RCC_BackupResetCmd                       0x080004dd   Thumb Code     8  stm32f4xx_rcc.o(.text)
    RCC_I2SCLKConfig                         0x080004e5   Thumb Code     8  stm32f4xx_rcc.o(.text)
    RCC_SAIPLLI2SClkDivConfig                0x080004ed   Thumb Code    18  stm32f4xx_rcc.o(.text)
    RCC_SAIPLLSAIClkDivConfig                0x080004ff   Thumb Code    24  stm32f4xx_rcc.o(.text)
    RCC_LTDCCLKDivConfig                     0x08000517   Thumb Code    16  stm32f4xx_rcc.o(.text)
    RCC_TIMCLKPresConfig                     0x08000527   Thumb Code     8  stm32f4xx_rcc.o(.text)
    RCC_AHB1PeriphClockCmd                   0x0800052f   Thumb Code    20  stm32f4xx_rcc.o(.text)
    RCC_AHB2PeriphClockCmd                   0x08000543   Thumb Code    20  stm32f4xx_rcc.o(.text)
    RCC_APB1PeriphClockCmd                   0x08000557   Thumb Code    20  stm32f4xx_rcc.o(.text)
    RCC_APB2PeriphClockCmd                   0x0800056b   Thumb Code    20  stm32f4xx_rcc.o(.text)
    RCC_AHB1PeriphResetCmd                   0x0800057f   Thumb Code    20  stm32f4xx_rcc.o(.text)
    RCC_AHB2PeriphResetCmd                   0x08000593   Thumb Code    20  stm32f4xx_rcc.o(.text)
    RCC_APB1PeriphResetCmd                   0x080005a7   Thumb Code    20  stm32f4xx_rcc.o(.text)
    RCC_APB2PeriphResetCmd                   0x080005bb   Thumb Code    20  stm32f4xx_rcc.o(.text)
    RCC_AHB1PeriphClockLPModeCmd             0x080005cf   Thumb Code    20  stm32f4xx_rcc.o(.text)
    RCC_AHB2PeriphClockLPModeCmd             0x080005e3   Thumb Code    20  stm32f4xx_rcc.o(.text)
    RCC_APB1PeriphClockLPModeCmd             0x080005f7   Thumb Code    20  stm32f4xx_rcc.o(.text)
    RCC_APB2PeriphClockLPModeCmd             0x0800060b   Thumb Code    20  stm32f4xx_rcc.o(.text)
    RCC_LSEModeConfig                        0x0800061f   Thumb Code    24  stm32f4xx_rcc.o(.text)
    RCC_ITConfig                             0x08000637   Thumb Code    20  stm32f4xx_rcc.o(.text)
    RCC_ClearFlag                            0x0800064b   Thumb Code    14  stm32f4xx_rcc.o(.text)
    RCC_GetITStatus                          0x08000659   Thumb Code    64  stm32f4xx_rcc.o(.text)
    RCC_ClearITPendingBit                    0x08000699   Thumb Code     6  stm32f4xx_rcc.o(.text)
    DMA_DeInit                               0x080006a5   Thumb Code   272  stm32f4xx_dma.o(.text)
    DMA_Init                                 0x080007b5   Thumb Code    80  stm32f4xx_dma.o(.text)
    DMA_StructInit                           0x08000805   Thumb Code    34  stm32f4xx_dma.o(.text)
    DMA_Cmd                                  0x08000827   Thumb Code    20  stm32f4xx_dma.o(.text)
    DMA_PeriphIncOffsetSizeConfig            0x0800083b   Thumb Code    20  stm32f4xx_dma.o(.text)
    DMA_FlowControllerConfig                 0x0800084f   Thumb Code    20  stm32f4xx_dma.o(.text)
    DMA_SetCurrDataCounter                   0x08000863   Thumb Code     4  stm32f4xx_dma.o(.text)
    DMA_GetCurrDataCounter                   0x08000867   Thumb Code     6  stm32f4xx_dma.o(.text)
    DMA_DoubleBufferModeConfig               0x0800086d   Thumb Code    22  stm32f4xx_dma.o(.text)
    DMA_DoubleBufferModeCmd                  0x08000883   Thumb Code    20  stm32f4xx_dma.o(.text)
    DMA_MemoryTargetConfig                   0x08000897   Thumb Code    10  stm32f4xx_dma.o(.text)
    DMA_GetCurrentMemoryTarget               0x080008a1   Thumb Code    14  stm32f4xx_dma.o(.text)
    DMA_GetCmdStatus                         0x080008af   Thumb Code    14  stm32f4xx_dma.o(.text)
    DMA_GetFIFOStatus                        0x080008bd   Thumb Code     8  stm32f4xx_dma.o(.text)
    DMA_GetFlagStatus                        0x080008c5   Thumb Code    42  stm32f4xx_dma.o(.text)
    DMA_ClearFlag                            0x080008ef   Thumb Code    34  stm32f4xx_dma.o(.text)
    DMA_ITConfig                             0x08000911   Thumb Code    44  stm32f4xx_dma.o(.text)
    DMA_GetITStatus                          0x0800093d   Thumb Code    70  stm32f4xx_dma.o(.text)
    DMA_ClearITPendingBit                    0x08000983   Thumb Code    34  stm32f4xx_dma.o(.text)
    USART_DeInit                             0x080009c5   Thumb Code   138  stm32f4xx_usart.o(.text)
    USART_Init                               0x08000a4f   Thumb Code   164  stm32f4xx_usart.o(.text)
    USART_StructInit                         0x08000af3   Thumb Code    22  stm32f4xx_usart.o(.text)
    USART_ClockInit                          0x08000b09   Thumb Code    28  stm32f4xx_usart.o(.text)
    USART_ClockStructInit                    0x08000b25   Thumb Code    12  stm32f4xx_usart.o(.text)
    USART_Cmd                                0x08000b31   Thumb Code    20  stm32f4xx_usart.o(.text)
    USART_SetPrescaler                       0x08000b45   Thumb Code    16  stm32f4xx_usart.o(.text)
    USART_OverSampling8Cmd                   0x08000b55   Thumb Code    20  stm32f4xx_usart.o(.text)
    USART_OneBitMethodCmd                    0x08000b69   Thumb Code    20  stm32f4xx_usart.o(.text)
    USART_SendData                           0x08000b7d   Thumb Code     8  stm32f4xx_usart.o(.text)
    USART_ReceiveData                        0x08000b85   Thumb Code     8  stm32f4xx_usart.o(.text)
    USART_SetAddress                         0x08000b8d   Thumb Code    16  stm32f4xx_usart.o(.text)
    USART_ReceiverWakeUpCmd                  0x08000b9d   Thumb Code    20  stm32f4xx_usart.o(.text)
    USART_WakeUpConfig                       0x08000bb1   Thumb Code    16  stm32f4xx_usart.o(.text)
    USART_LINBreakDetectLengthConfig         0x08000bc1   Thumb Code    16  stm32f4xx_usart.o(.text)
    USART_LINCmd                             0x08000bd1   Thumb Code    20  stm32f4xx_usart.o(.text)
    USART_SendBreak                          0x08000be5   Thumb Code    10  stm32f4xx_usart.o(.text)
    USART_HalfDuplexCmd                      0x08000bef   Thumb Code    20  stm32f4xx_usart.o(.text)
    USART_SetGuardTime                       0x08000c03   Thumb Code    16  stm32f4xx_usart.o(.text)
    USART_SmartCardCmd                       0x08000c13   Thumb Code    20  stm32f4xx_usart.o(.text)
    USART_SmartCardNACKCmd                   0x08000c27   Thumb Code    20  stm32f4xx_usart.o(.text)
    USART_IrDAConfig                         0x08000c3b   Thumb Code    16  stm32f4xx_usart.o(.text)
    USART_IrDACmd                            0x08000c4b   Thumb Code    20  stm32f4xx_usart.o(.text)
    USART_DMACmd                             0x08000c5f   Thumb Code    16  stm32f4xx_usart.o(.text)
    USART_ITConfig                           0x08000c6f   Thumb Code    48  stm32f4xx_usart.o(.text)
    USART_GetFlagStatus                      0x08000c9f   Thumb Code    14  stm32f4xx_usart.o(.text)
    USART_ClearFlag                          0x08000cad   Thumb Code     6  stm32f4xx_usart.o(.text)
    USART_GetITStatus                        0x08000cb3   Thumb Code    62  stm32f4xx_usart.o(.text)
    USART_ClearITPendingBit                  0x08000cf1   Thumb Code    12  stm32f4xx_usart.o(.text)
    ADC_DeInit                               0x08000d1d   Thumb Code    24  stm32f4xx_adc.o(.text)
    ADC_Init                                 0x08000d35   Thumb Code    66  stm32f4xx_adc.o(.text)
    ADC_StructInit                           0x08000d77   Thumb Code    20  stm32f4xx_adc.o(.text)
    ADC_CommonInit                           0x08000d8b   Thumb Code    34  stm32f4xx_adc.o(.text)
    ADC_CommonStructInit                     0x08000dad   Thumb Code    12  stm32f4xx_adc.o(.text)
    ADC_Cmd                                  0x08000db9   Thumb Code    20  stm32f4xx_adc.o(.text)
    ADC_AnalogWatchdogCmd                    0x08000dcd   Thumb Code    12  stm32f4xx_adc.o(.text)
    ADC_AnalogWatchdogThresholdsConfig       0x08000dd9   Thumb Code     6  stm32f4xx_adc.o(.text)
    ADC_AnalogWatchdogSingleChannelConfig    0x08000ddf   Thumb Code    12  stm32f4xx_adc.o(.text)
    ADC_TempSensorVrefintCmd                 0x08000deb   Thumb Code    26  stm32f4xx_adc.o(.text)
    ADC_VBATCmd                              0x08000e05   Thumb Code    26  stm32f4xx_adc.o(.text)
    ADC_RegularChannelConfig                 0x08000e1f   Thumb Code   116  stm32f4xx_adc.o(.text)
    ADC_SoftwareStartConv                    0x08000e93   Thumb Code    10  stm32f4xx_adc.o(.text)
    ADC_GetSoftwareStartConvStatus           0x08000e9d   Thumb Code    14  stm32f4xx_adc.o(.text)
    ADC_EOCOnEachRegularChannelCmd           0x08000eab   Thumb Code    20  stm32f4xx_adc.o(.text)
    ADC_ContinuousModeCmd                    0x08000ebf   Thumb Code    20  stm32f4xx_adc.o(.text)
    ADC_DiscModeChannelCountConfig           0x08000ed3   Thumb Code    16  stm32f4xx_adc.o(.text)
    ADC_DiscModeCmd                          0x08000ee3   Thumb Code    20  stm32f4xx_adc.o(.text)
    ADC_GetConversionValue                   0x08000ef7   Thumb Code     6  stm32f4xx_adc.o(.text)
    ADC_GetMultiModeConversionValue          0x08000efd   Thumb Code     8  stm32f4xx_adc.o(.text)
    ADC_DMACmd                               0x08000f05   Thumb Code    20  stm32f4xx_adc.o(.text)
    ADC_DMARequestAfterLastTransferCmd       0x08000f19   Thumb Code    20  stm32f4xx_adc.o(.text)
    ADC_MultiModeDMARequestAfterLastTransferCmd 0x08000f2d   Thumb Code    26  stm32f4xx_adc.o(.text)
    ADC_InjectedChannelConfig                0x08000f47   Thumb Code    74  stm32f4xx_adc.o(.text)
    ADC_InjectedSequencerLengthConfig        0x08000f91   Thumb Code    16  stm32f4xx_adc.o(.text)
    ADC_SetInjectedOffset                    0x08000fa1   Thumb Code    10  stm32f4xx_adc.o(.text)
    ADC_ExternalTrigInjectedConvConfig       0x08000fab   Thumb Code    12  stm32f4xx_adc.o(.text)
    ADC_ExternalTrigInjectedConvEdgeConfig   0x08000fb7   Thumb Code    12  stm32f4xx_adc.o(.text)
    ADC_SoftwareStartInjectedConv            0x08000fc3   Thumb Code    10  stm32f4xx_adc.o(.text)
    ADC_GetSoftwareStartInjectedConvCmdStatus 0x08000fcd   Thumb Code    14  stm32f4xx_adc.o(.text)
    ADC_AutoInjectedConvCmd                  0x08000fdb   Thumb Code    20  stm32f4xx_adc.o(.text)
    ADC_InjectedDiscModeCmd                  0x08000fef   Thumb Code    20  stm32f4xx_adc.o(.text)
    ADC_GetInjectedConversionValue           0x08001003   Thumb Code    14  stm32f4xx_adc.o(.text)
    ADC_ITConfig                             0x08001011   Thumb Code    18  stm32f4xx_adc.o(.text)
    ADC_GetFlagStatus                        0x08001023   Thumb Code    14  stm32f4xx_adc.o(.text)
    ADC_ClearFlag                            0x08001031   Thumb Code     6  stm32f4xx_adc.o(.text)
    ADC_GetITStatus                          0x08001037   Thumb Code    30  stm32f4xx_adc.o(.text)
    ADC_ClearITPendingBit                    0x08001055   Thumb Code     8  stm32f4xx_adc.o(.text)
    TIM_DeInit                               0x08001071   Thumb Code   284  stm32f4xx_tim.o(.text)
    TIM_TimeBaseInit                         0x0800118d   Thumb Code    96  stm32f4xx_tim.o(.text)
    TIM_TimeBaseStructInit                   0x080011ed   Thumb Code    18  stm32f4xx_tim.o(.text)
    TIM_PrescalerConfig                      0x080011ff   Thumb Code     6  stm32f4xx_tim.o(.text)
    TIM_CounterModeConfig                    0x08001205   Thumb Code    12  stm32f4xx_tim.o(.text)
    TIM_SetCounter                           0x08001211   Thumb Code     4  stm32f4xx_tim.o(.text)
    TIM_SetAutoreload                        0x08001215   Thumb Code     4  stm32f4xx_tim.o(.text)
    TIM_GetCounter                           0x08001219   Thumb Code     4  stm32f4xx_tim.o(.text)
    TIM_GetPrescaler                         0x0800121d   Thumb Code     4  stm32f4xx_tim.o(.text)
    TIM_UpdateDisableConfig                  0x08001221   Thumb Code    20  stm32f4xx_tim.o(.text)
    TIM_UpdateRequestConfig                  0x08001235   Thumb Code    20  stm32f4xx_tim.o(.text)
    TIM_ARRPreloadConfig                     0x08001249   Thumb Code    20  stm32f4xx_tim.o(.text)
    TIM_SelectOnePulseMode                   0x0800125d   Thumb Code    16  stm32f4xx_tim.o(.text)
    TIM_SetClockDivision                     0x0800126d   Thumb Code    16  stm32f4xx_tim.o(.text)
    TIM_Cmd                                  0x0800127d   Thumb Code    20  stm32f4xx_tim.o(.text)
    TIM_OC1Init                              0x08001291   Thumb Code    88  stm32f4xx_tim.o(.text)
    TIM_OC2Init                              0x080012e9   Thumb Code   120  stm32f4xx_tim.o(.text)
    TIM_OC3Init                              0x08001361   Thumb Code   116  stm32f4xx_tim.o(.text)
    TIM_OC4Init                              0x080013d5   Thumb Code    88  stm32f4xx_tim.o(.text)
    TIM_OCStructInit                         0x0800142d   Thumb Code    20  stm32f4xx_tim.o(.text)
    TIM_SelectOCxM                           0x08001441   Thumb Code   130  stm32f4xx_tim.o(.text)
    TIM_SetCompare1                          0x080014c3   Thumb Code     4  stm32f4xx_tim.o(.text)
    TIM_SetCompare2                          0x080014c7   Thumb Code     4  stm32f4xx_tim.o(.text)
    TIM_SetCompare3                          0x080014cb   Thumb Code     4  stm32f4xx_tim.o(.text)
    TIM_SetCompare4                          0x080014cf   Thumb Code     4  stm32f4xx_tim.o(.text)
    TIM_ForcedOC1Config                      0x080014d3   Thumb Code    12  stm32f4xx_tim.o(.text)
    TIM_ForcedOC2Config                      0x080014df   Thumb Code    20  stm32f4xx_tim.o(.text)
    TIM_ForcedOC3Config                      0x080014f3   Thumb Code    12  stm32f4xx_tim.o(.text)
    TIM_ForcedOC4Config                      0x080014ff   Thumb Code    20  stm32f4xx_tim.o(.text)
    TIM_OC1PreloadConfig                     0x08001513   Thumb Code    12  stm32f4xx_tim.o(.text)
    TIM_OC2PreloadConfig                     0x0800151f   Thumb Code    20  stm32f4xx_tim.o(.text)
    TIM_OC3PreloadConfig                     0x08001533   Thumb Code    12  stm32f4xx_tim.o(.text)
    TIM_OC4PreloadConfig                     0x0800153f   Thumb Code    20  stm32f4xx_tim.o(.text)
    TIM_OC1FastConfig                        0x08001553   Thumb Code    12  stm32f4xx_tim.o(.text)
    TIM_OC2FastConfig                        0x0800155f   Thumb Code    20  stm32f4xx_tim.o(.text)
    TIM_OC3FastConfig                        0x08001573   Thumb Code    12  stm32f4xx_tim.o(.text)
    TIM_OC4FastConfig                        0x0800157f   Thumb Code    20  stm32f4xx_tim.o(.text)
    TIM_ClearOC1Ref                          0x08001593   Thumb Code    12  stm32f4xx_tim.o(.text)
    TIM_ClearOC2Ref                          0x0800159f   Thumb Code    20  stm32f4xx_tim.o(.text)
    TIM_ClearOC3Ref                          0x080015b3   Thumb Code    12  stm32f4xx_tim.o(.text)
    TIM_ClearOC4Ref                          0x080015bf   Thumb Code    20  stm32f4xx_tim.o(.text)
    TIM_OC1PolarityConfig                    0x080015d3   Thumb Code    12  stm32f4xx_tim.o(.text)
    TIM_OC1NPolarityConfig                   0x080015df   Thumb Code    12  stm32f4xx_tim.o(.text)
    TIM_OC2PolarityConfig                    0x080015eb   Thumb Code    20  stm32f4xx_tim.o(.text)
    TIM_OC2NPolarityConfig                   0x080015ff   Thumb Code    20  stm32f4xx_tim.o(.text)
    TIM_OC3PolarityConfig                    0x08001613   Thumb Code    20  stm32f4xx_tim.o(.text)
    TIM_OC3NPolarityConfig                   0x08001627   Thumb Code    20  stm32f4xx_tim.o(.text)
    TIM_OC4PolarityConfig                    0x0800163b   Thumb Code    20  stm32f4xx_tim.o(.text)
    TIM_CCxCmd                               0x0800164f   Thumb Code    22  stm32f4xx_tim.o(.text)
    TIM_CCxNCmd                              0x08001665   Thumb Code    22  stm32f4xx_tim.o(.text)
    TIM_SetIC4Prescaler                      0x0800167b   Thumb Code    24  stm32f4xx_tim.o(.text)
    TIM_SetIC3Prescaler                      0x08001693   Thumb Code    16  stm32f4xx_tim.o(.text)
    TIM_SetIC2Prescaler                      0x080016a3   Thumb Code    24  stm32f4xx_tim.o(.text)
    TIM_SetIC1Prescaler                      0x080016f1   Thumb Code    16  stm32f4xx_tim.o(.text)
    TIM_ICInit                               0x08001701   Thumb Code   164  stm32f4xx_tim.o(.text)
    TIM_ICStructInit                         0x080017a5   Thumb Code    16  stm32f4xx_tim.o(.text)
    TIM_PWMIConfig                           0x080017b5   Thumb Code   104  stm32f4xx_tim.o(.text)
    TIM_GetCapture1                          0x0800181d   Thumb Code     4  stm32f4xx_tim.o(.text)
    TIM_GetCapture2                          0x08001821   Thumb Code     4  stm32f4xx_tim.o(.text)
    TIM_GetCapture3                          0x08001825   Thumb Code     4  stm32f4xx_tim.o(.text)
    TIM_GetCapture4                          0x08001829   Thumb Code     4  stm32f4xx_tim.o(.text)
    TIM_BDTRConfig                           0x0800182d   Thumb Code    34  stm32f4xx_tim.o(.text)
    TIM_BDTRStructInit                       0x0800184f   Thumb Code    18  stm32f4xx_tim.o(.text)
    TIM_CtrlPWMOutputs                       0x08001861   Thumb Code    22  stm32f4xx_tim.o(.text)
    TIM_SelectCOM                            0x08001877   Thumb Code    20  stm32f4xx_tim.o(.text)
    TIM_CCPreloadControl                     0x0800188b   Thumb Code    20  stm32f4xx_tim.o(.text)
    TIM_ITConfig                             0x0800189f   Thumb Code    16  stm32f4xx_tim.o(.text)
    TIM_GenerateEvent                        0x080018af   Thumb Code     4  stm32f4xx_tim.o(.text)
    TIM_GetFlagStatus                        0x080018b3   Thumb Code    14  stm32f4xx_tim.o(.text)
    TIM_ClearFlag                            0x080018c1   Thumb Code     6  stm32f4xx_tim.o(.text)
    TIM_GetITStatus                          0x080018c7   Thumb Code    24  stm32f4xx_tim.o(.text)
    TIM_ClearITPendingBit                    0x080018df   Thumb Code     6  stm32f4xx_tim.o(.text)
    TIM_DMAConfig                            0x080018e5   Thumb Code     8  stm32f4xx_tim.o(.text)
    TIM_DMACmd                               0x080018ed   Thumb Code    16  stm32f4xx_tim.o(.text)
    TIM_SelectCCDMA                          0x080018fd   Thumb Code    20  stm32f4xx_tim.o(.text)
    TIM_InternalClockConfig                  0x08001911   Thumb Code    10  stm32f4xx_tim.o(.text)
    TIM_SelectInputTrigger                   0x0800191b   Thumb Code    12  stm32f4xx_tim.o(.text)
    TIM_ITRxExternalClockConfig              0x08001927   Thumb Code    18  stm32f4xx_tim.o(.text)
    TIM_TIxExternalClockConfig               0x08001939   Thumb Code    46  stm32f4xx_tim.o(.text)
    TIM_ETRConfig                            0x08001967   Thumb Code    24  stm32f4xx_tim.o(.text)
    TIM_ETRClockMode1Config                  0x0800197f   Thumb Code    18  stm32f4xx_tim.o(.text)
    TIM_ETRClockMode2Config                  0x08001991   Thumb Code    18  stm32f4xx_tim.o(.text)
    TIM_SelectOutputTrigger                  0x080019a3   Thumb Code    16  stm32f4xx_tim.o(.text)
    TIM_SelectSlaveMode                      0x080019b3   Thumb Code    16  stm32f4xx_tim.o(.text)
    TIM_SelectMasterSlaveMode                0x080019c3   Thumb Code    16  stm32f4xx_tim.o(.text)
    TIM_EncoderInterfaceConfig               0x080019d3   Thumb Code    50  stm32f4xx_tim.o(.text)
    TIM_SelectHallSensor                     0x08001a05   Thumb Code    20  stm32f4xx_tim.o(.text)
    TIM_RemapConfig                          0x08001a19   Thumb Code     6  stm32f4xx_tim.o(.text)
    TimingDelay_Decrement                    0x08001a4d   Thumb Code    88  tm_stm32f4_delay.o(.text)
    TM_DELAY_Init                            0x08001aa5   Thumb Code    60  tm_stm32f4_delay.o(.text)
    TM_DELAY_EnableDelayTimer                0x08001ae1   Thumb Code    22  tm_stm32f4_delay.o(.text)
    TM_DELAY_DisableDelayTimer               0x08001af7   Thumb Code    14  tm_stm32f4_delay.o(.text)
    TM_DELAY_TimerCreate                     0x08001b05   Thumb Code    68  tm_stm32f4_delay.o(.text)
    TM_DELAY_TimerDelete                     0x08001b49   Thumb Code    86  tm_stm32f4_delay.o(.text)
    TM_DELAY_TimerStop                       0x08001b9f   Thumb Code     6  tm_stm32f4_delay.o(.text)
    TM_DELAY_TimerStart                      0x08001ba5   Thumb Code     6  tm_stm32f4_delay.o(.text)
    TM_DELAY_TimerReset                      0x08001bab   Thumb Code     6  tm_stm32f4_delay.o(.text)
    TM_DELAY_TimerAutoReload                 0x08001bb1   Thumb Code     4  tm_stm32f4_delay.o(.text)
    TM_DELAY_TimerAutoReloadValue            0x08001bb5   Thumb Code     4  tm_stm32f4_delay.o(.text)
    TM_DISCO_LedInit                         0x08001bcd   Thumb Code    30  tm_stm32f4_disco.o(.text)
    TM_DISCO_ButtonInit                      0x08001beb   Thumb Code    24  tm_stm32f4_disco.o(.text)
    TM_DISCO_ButtonOnPressed                 0x08001c03   Thumb Code    32  tm_stm32f4_disco.o(.text)
    TM_DISCO_ButtonOnReleased                0x08001c23   Thumb Code    32  tm_stm32f4_disco.o(.text)
    TM_GPIO_GetPortSource                    0x08001c51   Thumb Code    10  tm_stm32f4_gpio.o(.text)
    TM_GPIO_INT_Init                         0x08001c5b   Thumb Code   130  tm_stm32f4_gpio.o(.text)
    TM_GPIO_INT_EnableClock                  0x08001cdd   Thumb Code    20  tm_stm32f4_gpio.o(.text)
    TM_GPIO_Init                             0x08001cf1   Thumb Code    34  tm_stm32f4_gpio.o(.text)
    TM_GPIO_InitAlternate                    0x08001d13   Thumb Code    92  tm_stm32f4_gpio.o(.text)
    TM_GPIO_DeInit                           0x08001d6f   Thumb Code    66  tm_stm32f4_gpio.o(.text)
    TM_GPIO_SetPinAsInput                    0x08001db1   Thumb Code    38  tm_stm32f4_gpio.o(.text)
    TM_GPIO_SetPinAsOutput                   0x08001dd7   Thumb Code    46  tm_stm32f4_gpio.o(.text)
    TM_GPIO_SetPinAsAnalog                   0x08001e05   Thumb Code    38  tm_stm32f4_gpio.o(.text)
    TM_GPIO_SetPinAsAlternate                0x08001e2b   Thumb Code    48  tm_stm32f4_gpio.o(.text)
    TM_GPIO_SetPullResistor                  0x08001e5b   Thumb Code    46  tm_stm32f4_gpio.o(.text)
    TM_GPIO_Lock                             0x08001e89   Thumb Code    16  tm_stm32f4_gpio.o(.text)
    TM_GPIO_GetPinSource                     0x08001e99   Thumb Code    18  tm_stm32f4_gpio.o(.text)
    TM_GPIO_INT_DisableClock                 0x08001eab   Thumb Code    20  tm_stm32f4_gpio.o(.text)
    TM_GPIO_GetUsedPins                      0x08001ebf   Thumb Code    14  tm_stm32f4_gpio.o(.text)
    TM_GPIO_GetFreePins                      0x08001ecd   Thumb Code    18  tm_stm32f4_gpio.o(.text)
    TM_DMA_ClearFlag                         0x08001eed   Thumb Code    52  tm_stm32f4_dma.o(.text)
    TM_DMA_ClearFlags                        0x08001f21   Thumb Code     4  tm_stm32f4_dma.o(.text)
    TM_DMA_GetFlags                          0x08001f25   Thumb Code    52  tm_stm32f4_dma.o(.text)
    TM_DMA_EnableInterrupts                  0x08001f59   Thumb Code    94  tm_stm32f4_dma.o(.text)
    TM_DMA_DisableInterrupts                 0x08001fb7   Thumb Code    76  tm_stm32f4_dma.o(.text)
    TM_DMA_TransferCompleteHandler           0x08002003   Thumb Code     2  tm_stm32f4_dma.o(.text)
    TM_DMA_HalfTransferCompleteHandler       0x08002005   Thumb Code     2  tm_stm32f4_dma.o(.text)
    TM_DMA_TransferErrorHandler              0x08002007   Thumb Code     2  tm_stm32f4_dma.o(.text)
    TM_DMA_DirectModeErrorHandler            0x08002009   Thumb Code     2  tm_stm32f4_dma.o(.text)
    TM_DMA_FIFOErrorHandler                  0x0800200b   Thumb Code     2  tm_stm32f4_dma.o(.text)
    DMA1_Stream0_IRQHandler                  0x08002073   Thumb Code     6  tm_stm32f4_dma.o(.text)
    DMA1_Stream1_IRQHandler                  0x08002079   Thumb Code     6  tm_stm32f4_dma.o(.text)
    DMA1_Stream2_IRQHandler                  0x0800207f   Thumb Code     6  tm_stm32f4_dma.o(.text)
    DMA1_Stream3_IRQHandler                  0x08002085   Thumb Code     6  tm_stm32f4_dma.o(.text)
    DMA1_Stream4_IRQHandler                  0x0800208b   Thumb Code     6  tm_stm32f4_dma.o(.text)
    DMA1_Stream5_IRQHandler                  0x08002091   Thumb Code     6  tm_stm32f4_dma.o(.text)
    DMA1_Stream6_IRQHandler                  0x08002097   Thumb Code     6  tm_stm32f4_dma.o(.text)
    DMA1_Stream7_IRQHandler                  0x0800209d   Thumb Code     6  tm_stm32f4_dma.o(.text)
    DMA2_Stream0_IRQHandler                  0x080020a3   Thumb Code     4  tm_stm32f4_dma.o(.text)
    DMA2_Stream1_IRQHandler                  0x080020a7   Thumb Code     6  tm_stm32f4_dma.o(.text)
    DMA2_Stream2_IRQHandler                  0x080020ad   Thumb Code     6  tm_stm32f4_dma.o(.text)
    DMA2_Stream3_IRQHandler                  0x080020b3   Thumb Code     6  tm_stm32f4_dma.o(.text)
    DMA2_Stream4_IRQHandler                  0x080020b9   Thumb Code     6  tm_stm32f4_dma.o(.text)
    DMA2_Stream5_IRQHandler                  0x080020bf   Thumb Code     6  tm_stm32f4_dma.o(.text)
    DMA2_Stream6_IRQHandler                  0x080020c5   Thumb Code     6  tm_stm32f4_dma.o(.text)
    DMA2_Stream7_IRQHandler                  0x080020cb   Thumb Code     6  tm_stm32f4_dma.o(.text)
    TM_USART_INT_GetSubPriority              0x080020e1   Thumb Code    28  tm_stm32f4_usart.o(.text)
    TM_USART_InitCustomPinsCallback          0x080020fd   Thumb Code     2  tm_stm32f4_usart.o(.text)
    TM_USART6_InitPins                       0x080020ff   Thumb Code    60  tm_stm32f4_usart.o(.text)
    TM_USART2_InitPins                       0x0800213b   Thumb Code    58  tm_stm32f4_usart.o(.text)
    TM_USART1_InitPins                       0x08002175   Thumb Code    60  tm_stm32f4_usart.o(.text)
    TM_USART_INT_GetUsart                    0x080021b1   Thumb Code    32  tm_stm32f4_usart.o(.text)
    TM_USART_Init                            0x080022ab   Thumb Code    86  tm_stm32f4_usart.o(.text)
    TM_USART_InitWithFlowControl             0x08002301   Thumb Code    86  tm_stm32f4_usart.o(.text)
    TM_USART_Getc                            0x08002357   Thumb Code    52  tm_stm32f4_usart.o(.text)
    TM_USART_FindCharacter                   0x0800238b   Thumb Code    50  tm_stm32f4_usart.o(.text)
    TM_USART_Gets                            0x080023bd   Thumb Code    78  tm_stm32f4_usart.o(.text)
    TM_USART_BufferEmpty                     0x0800240b   Thumb Code    26  tm_stm32f4_usart.o(.text)
    TM_USART_BufferFull                      0x08002425   Thumb Code    22  tm_stm32f4_usart.o(.text)
    TM_USART_ClearBuffer                     0x0800243b   Thumb Code    16  tm_stm32f4_usart.o(.text)
    TM_USART_SetCustomStringEndCharacter     0x0800244b   Thumb Code    12  tm_stm32f4_usart.o(.text)
    TM_USART_Puts                            0x08002457   Thumb Code    42  tm_stm32f4_usart.o(.text)
    TM_USART_Send                            0x08002481   Thumb Code    48  tm_stm32f4_usart.o(.text)
    TM_USART_INT_InsertToBuffer              0x080024b1   Thumb Code    80  tm_stm32f4_usart.o(.text)
    USART1_IRQHandler                        0x08002501   Thumb Code    18  tm_stm32f4_usart.o(.text)
    USART2_IRQHandler                        0x08002513   Thumb Code    24  tm_stm32f4_usart.o(.text)
    USART6_IRQHandler                        0x0800252b   Thumb Code    24  tm_stm32f4_usart.o(.text)
    TM_USART_DMA_Init                        0x08002555   Thumb Code    72  tm_stm32f4_usart_dma.o(.text)
    TM_USART_DMA_InitWithStreamAndChannel    0x0800259d   Thumb Code    24  tm_stm32f4_usart_dma.o(.text)
    TM_USART_DMA_GetStream                   0x080025b5   Thumb Code    10  tm_stm32f4_usart_dma.o(.text)
    TM_USART_DMA_Deinit                      0x080025bf   Thumb Code    16  tm_stm32f4_usart_dma.o(.text)
    TM_USART_DMA_Send                        0x080025cf   Thumb Code    78  tm_stm32f4_usart_dma.o(.text)
    TM_USART_DMA_Puts                        0x0800261d   Thumb Code    24  tm_stm32f4_usart_dma.o(.text)
    TM_USART_DMA_Sending                     0x08002635   Thumb Code    28  tm_stm32f4_usart_dma.o(.text)
    TM_USART_DMA_EnableInterrupts            0x08002651   Thumb Code    16  tm_stm32f4_usart_dma.o(.text)
    TM_USART_DMA_DisableInterrupts           0x08002661   Thumb Code    16  tm_stm32f4_usart_dma.o(.text)
    TM_ADC_InitADC                           0x080026ad   Thumb Code   116  tm_stm32f4_adc.o(.text)
    TM_ADC_INT_InitPin                       0x08002721   Thumb Code    20  tm_stm32f4_adc.o(.text)
    TM_ADC_INT_Channel_15_Init               0x08002735   Thumb Code    32  tm_stm32f4_adc.o(.text)
    TM_ADC_INT_Channel_14_Init               0x08002755   Thumb Code    42  tm_stm32f4_adc.o(.text)
    TM_ADC_INT_Channel_13_Init               0x0800277f   Thumb Code     6  tm_stm32f4_adc.o(.text)
    TM_ADC_INT_Channel_12_Init               0x08002785   Thumb Code     6  tm_stm32f4_adc.o(.text)
    TM_ADC_INT_Channel_11_Init               0x0800278b   Thumb Code     6  tm_stm32f4_adc.o(.text)
    TM_ADC_INT_Channel_10_Init               0x08002791   Thumb Code     6  tm_stm32f4_adc.o(.text)
    TM_ADC_INT_Channel_9_Init                0x08002797   Thumb Code    42  tm_stm32f4_adc.o(.text)
    TM_ADC_INT_Channel_8_Init                0x080027c1   Thumb Code    42  tm_stm32f4_adc.o(.text)
    TM_ADC_INT_Channel_7_Init                0x080027eb   Thumb Code    42  tm_stm32f4_adc.o(.text)
    TM_ADC_INT_Channel_6_Init                0x08002815   Thumb Code    42  tm_stm32f4_adc.o(.text)
    TM_ADC_INT_Channel_5_Init                0x0800283f   Thumb Code    42  tm_stm32f4_adc.o(.text)
    TM_ADC_INT_Channel_4_Init                0x08002869   Thumb Code    42  tm_stm32f4_adc.o(.text)
    TM_ADC_INT_Channel_3_Init                0x08002893   Thumb Code     6  tm_stm32f4_adc.o(.text)
    TM_ADC_INT_Channel_2_Init                0x08002899   Thumb Code     6  tm_stm32f4_adc.o(.text)
    TM_ADC_INT_Channel_1_Init                0x0800289f   Thumb Code     6  tm_stm32f4_adc.o(.text)
    TM_ADC_INT_Channel_0_Init                0x080028a5   Thumb Code     6  tm_stm32f4_adc.o(.text)
    TM_ADC_Init                              0x080028ab   Thumb Code   162  tm_stm32f4_adc.o(.text)
    TM_ADC_Read                              0x0800294d   Thumb Code    44  tm_stm32f4_adc.o(.text)
    TM_ADC_EnableVbat                        0x08002979   Thumb Code    16  tm_stm32f4_adc.o(.text)
    TM_ADC_DisableVbat                       0x08002989   Thumb Code    16  tm_stm32f4_adc.o(.text)
    TM_ADC_ReadVbat                          0x08002999   Thumb Code    48  tm_stm32f4_adc.o(.text)
    TM_PWM_InitTimer                         0x080029e9   Thumb Code   242  tm_stm32f4_pwm.o(.text)
    TM_PWM_INT_InitTIM14Pins                 0x08002adb   Thumb Code    58  tm_stm32f4_pwm.o(.text)
    TM_PWM_INT_InitTIM13Pins                 0x08002b15   Thumb Code    58  tm_stm32f4_pwm.o(.text)
    TM_PWM_INT_InitTIM12Pins                 0x08002b4f   Thumb Code   106  tm_stm32f4_pwm.o(.text)
    TM_PWM_INT_InitTIM11Pins                 0x08002bb9   Thumb Code    58  tm_stm32f4_pwm.o(.text)
    TM_PWM_INT_InitTIM10Pins                 0x08002bf3   Thumb Code    58  tm_stm32f4_pwm.o(.text)
    TM_PWM_INT_InitTIM9Pins                  0x08002c2d   Thumb Code    98  tm_stm32f4_pwm.o(.text)
    TM_PWM_INT_InitTIM8Pins                  0x08002c8f   Thumb Code   170  tm_stm32f4_pwm.o(.text)
    TM_PWM_INT_InitTIM5Pins                  0x08002d39   Thumb Code   232  tm_stm32f4_pwm.o(.text)
    TM_PWM_INT_InitTIM4Pins                  0x08002e21   Thumb Code   174  tm_stm32f4_pwm.o(.text)
    TM_PWM_INT_InitTIM3Pins                  0x08002ecf   Thumb Code   210  tm_stm32f4_pwm.o(.text)
    TM_PWM_INT_InitTIM2Pins                  0x08002fa1   Thumb Code   186  tm_stm32f4_pwm.o(.text)
    TM_PWM_INT_InitTIM1Pins                  0x0800305b   Thumb Code   208  tm_stm32f4_pwm.o(.text)
    TM_PWM_InitChannel                       0x0800312b   Thumb Code   152  tm_stm32f4_pwm.o(.text)
    TM_PWM_SetChannel                        0x080031c3   Thumb Code   282  tm_stm32f4_pwm.o(.text)
    TM_PWM_SetChannelPercent                 0x080032dd   Thumb Code    60  tm_stm32f4_pwm.o(.text)
    TM_PWM_SetChannelMicros                  0x08003319   Thumb Code    28  tm_stm32f4_pwm.o(.text)
    TM_TIMER_PROPERTIES_GetTimerProperties   0x08003339   Thumb Code   134  tm_stm32f4_timer_properties.o(.text)
    TM_TIMER_PROPERTIES_GenerateDataForWorkingFrequency 0x080033bf   Thumb Code   170  tm_stm32f4_timer_properties.o(.text)
    TM_TIMER_PROPERTIES_EnableClock          0x08003469   Thumb Code   206  tm_stm32f4_timer_properties.o(.text)
    TM_TIMER_PROPERTIES_DisableClock         0x08003537   Thumb Code   206  tm_stm32f4_timer_properties.o(.text)
    main                                     0x08003645   Thumb Code    82  main.o(.text)
    NMI_Handler                              0x0800369d   Thumb Code     2  stm32f4xx_it.o(.text)
    HardFault_Handler                        0x0800369f   Thumb Code     2  stm32f4xx_it.o(.text)
    MemManage_Handler                        0x080036a1   Thumb Code     2  stm32f4xx_it.o(.text)
    BusFault_Handler                         0x080036a3   Thumb Code     2  stm32f4xx_it.o(.text)
    UsageFault_Handler                       0x080036a5   Thumb Code     2  stm32f4xx_it.o(.text)
    SVC_Handler                              0x080036a7   Thumb Code     2  stm32f4xx_it.o(.text)
    DebugMon_Handler                         0x080036a9   Thumb Code     2  stm32f4xx_it.o(.text)
    PendSV_Handler                           0x080036ab   Thumb Code     2  stm32f4xx_it.o(.text)
    SysTick_Handler                          0x080036af   Thumb Code     8  stm32f4xx_it.o(.text)
    SystemCoreClockUpdate                    0x080036b9   Thumb Code   106  system_stm32f4xx.o(.text)
    SystemInit                               0x080037dd   Thumb Code    74  system_stm32f4xx.o(.text)
    usart_send_str                           0x08003851   Thumb Code    26  app_gps_task.o(.text)
    usart_get_str                            0x0800386b   Thumb Code    26  app_gps_task.o(.text)
    app_gps_init                             0x08003885   Thumb Code    90  app_gps_task.o(.text)
    app_gps_get_value                        0x080038df   Thumb Code     2  app_gps_task.o(.text)
    app_led_init                             0x08003909   Thumb Code    20  app_led_control.o(.text)
    app_led_on                               0x0800391d   Thumb Code    52  app_led_control.o(.text)
    app_led_off                              0x08003951   Thumb Code    60  app_led_control.o(.text)
    app_led_toggle                           0x0800398d   Thumb Code    66  app_led_control.o(.text)
    app_motor_init                           0x080039d9   Thumb Code   106  app_motor_control.o(.text)
    app_motor_start                          0x08003a43   Thumb Code   132  app_motor_control.o(.text)
    app_motor_stop                           0x08003ac7   Thumb Code    86  app_motor_control.o(.text)
    app_photoresistor_init                   0x08003b5d   Thumb Code    40  app_photoresistor_sensor.o(.text)
    app_photoresistor_read                   0x08003b85   Thumb Code     8  app_photoresistor_sensor.o(.text)
    strlen                                   0x08003b91   Thumb Code    14  strlen.o(.text)
    __aeabi_ddiv                             0x08003b9f   Thumb Code   222  ddiv.o(.text)
    __aeabi_ui2d                             0x08003c7d   Thumb Code    26  dfltui.o(.text)
    __aeabi_d2uiz                            0x08003c97   Thumb Code    50  dfixui.o(.text)
    __aeabi_cdcmpeq                          0x08003cc9   Thumb Code     0  cdcmple.o(.text)
    __aeabi_cdcmple                          0x08003cc9   Thumb Code    48  cdcmple.o(.text)
    __aeabi_llsr                             0x08003cf9   Thumb Code    32  llushr.o(.text)
    _ll_ushift_r                             0x08003cf9   Thumb Code     0  llushr.o(.text)
    __I$use$fp                               0x08003d19   Thumb Code     0  iusefp.o(.text)
    _double_round                            0x08003d19   Thumb Code    30  depilogue.o(.text)
    _double_epilogue                         0x08003d37   Thumb Code   156  depilogue.o(.text)
    __scatterload                            0x08003dd5   Thumb Code    28  init.o(.text)
    __scatterload_rt2                        0x08003dd5   Thumb Code     0  init.o(.text)
    __aeabi_llsl                             0x08003df9   Thumb Code    30  llshl.o(.text)
    _ll_shift_l                              0x08003df9   Thumb Code     0  llshl.o(.text)
    __scatterload_copy                       0x08003e17   Thumb Code    14  handlers.o(i.__scatterload_copy)
    __scatterload_null                       0x08003e25   Thumb Code     2  handlers.o(i.__scatterload_null)
    __scatterload_zeroinit                   0x08003e27   Thumb Code    14  handlers.o(i.__scatterload_zeroinit)
    free                                     0x08003e35   Thumb Code    76  malloc.o(i.free)
    malloc                                   0x08003e85   Thumb Code    92  malloc.o(i.malloc)
    Region$$Table$$Base                      0x08003f04   Number         0  anon$$obj.o(Region$$Table)
    Region$$Table$$Limit                     0x08003f24   Number         0  anon$$obj.o(Region$$Table)
    TM_DELAY_Initialized                     0x20000010   Data           1  tm_stm32f4_delay.o(.data)
    TM_Time                                  0x20000014   Data           4  tm_stm32f4_delay.o(.data)
    TM_Time2                                 0x20000018   Data           4  tm_stm32f4_delay.o(.data)
    mult                                     0x2000001c   Data           4  tm_stm32f4_delay.o(.data)
    TM_USART1                                0x20000024   Data          16  tm_stm32f4_usart.o(.data)
    TM_USART2                                0x20000034   Data          16  tm_stm32f4_usart.o(.data)
    TM_USART6                                0x20000044   Data          16  tm_stm32f4_usart.o(.data)
    SystemCoreClock                          0x2000006c   Data           4  system_stm32f4xx.o(.data)
    AHBPrescTable                            0x20000070   Data          16  system_stm32f4xx.o(.data)
    __microlib_freelist                      0x200000f4   Data           4  mvars.o(.data)
    __microlib_freelist_initialised          0x200000f8   Data           4  mvars.o(.data)
    TM_USART1_Buffer                         0x2000012a   Data          32  tm_stm32f4_usart.o(.bss)
    TM_USART2_Buffer                         0x2000014a   Data          32  tm_stm32f4_usart.o(.bss)
    TM_USART6_Buffer                         0x2000016a   Data          32  tm_stm32f4_usart.o(.bss)
    __heap_base                              0x20000218   Data           0  startup_stm32f411xe.o(HEAP)
    __heap_limit                             0x20000418   Data           0  startup_stm32f411xe.o(HEAP)
    __initial_sp                             0x20000818   Data           0  startup_stm32f411xe.o(STACK)



==============================================================================

Memory Map of the image

  Image Entry point : 0x08000199

  Load Region LR_IROM1 (Base: 0x08000000, Size: 0x00004020, Max: 0x00080000, ABSOLUTE)

    Execution Region ER_IROM1 (Exec base: 0x08000000, Load base: 0x08000000, Size: 0x00003f24, Max: 0x00080000, ABSOLUTE)

    Exec Addr    Load Addr    Size         Type   Attr      Idx    E Section Name        Object

    0x08000000   0x08000000   0x00000198   Data   RO            3    RESET               startup_stm32f411xe.o
    0x08000198   0x08000198   0x00000000   Code   RO          824  * .ARM.Collect$$$$00000000  mc_w.l(entry.o)
    0x08000198   0x08000198   0x00000004   Code   RO          865    .ARM.Collect$$$$00000001  mc_w.l(entry2.o)
    0x0800019c   0x0800019c   0x00000004   Code   RO          868    .ARM.Collect$$$$00000004  mc_w.l(entry5.o)
    0x080001a0   0x080001a0   0x00000000   Code   RO          870    .ARM.Collect$$$$00000008  mc_w.l(entry7b.o)
    0x080001a0   0x080001a0   0x00000000   Code   RO          872    .ARM.Collect$$$$0000000A  mc_w.l(entry8b.o)
    0x080001a0   0x080001a0   0x00000008   Code   RO          873    .ARM.Collect$$$$0000000B  mc_w.l(entry9a.o)
    0x080001a8   0x080001a8   0x00000000   Code   RO          875    .ARM.Collect$$$$0000000D  mc_w.l(entry10a.o)
    0x080001a8   0x080001a8   0x00000000   Code   RO          877    .ARM.Collect$$$$0000000F  mc_w.l(entry11a.o)
    0x080001a8   0x080001a8   0x00000004   Code   RO          866    .ARM.Collect$$$$00002712  mc_w.l(entry2.o)
    0x080001ac   0x080001ac   0x00000024   Code   RO            4    .text               startup_stm32f411xe.o
    0x080001d0   0x080001d0   0x000000b0   Code   RO           13    .text               misc.o
    0x08000280   0x08000280   0x00000424   Code   RO          124    .text               stm32f4xx_rcc.o
    0x080006a4   0x080006a4   0x00000320   Code   RO          174    .text               stm32f4xx_dma.o
    0x080009c4   0x080009c4   0x00000358   Code   RO          198    .text               stm32f4xx_usart.o
    0x08000d1c   0x08000d1c   0x00000354   Code   RO          222    .text               stm32f4xx_adc.o
    0x08001070   0x08001070   0x000009dc   Code   RO          246    .text               stm32f4xx_tim.o
    0x08001a4c   0x08001a4c   0x00000180   Code   RO          271    .text               tm_stm32f4_delay.o
    0x08001bcc   0x08001bcc   0x00000084   Code   RO          319    .text               tm_stm32f4_disco.o
    0x08001c50   0x08001c50   0x0000029c   Code   RO          351    .text               tm_stm32f4_gpio.o
    0x08001eec   0x08001eec   0x000001f4   Code   RO          378    .text               tm_stm32f4_dma.o
    0x080020e0   0x080020e0   0x00000474   Code   RO          411    .text               tm_stm32f4_usart.o
    0x08002554   0x08002554   0x00000158   Code   RO          445    .text               tm_stm32f4_usart_dma.o
    0x080026ac   0x080026ac   0x0000033c   Code   RO          478    .text               tm_stm32f4_adc.o
    0x080029e8   0x080029e8   0x00000950   Code   RO          506    .text               tm_stm32f4_pwm.o
    0x08003338   0x08003338   0x0000030c   Code   RO          536    .text               tm_stm32f4_timer_properties.o
    0x08003644   0x08003644   0x00000058   Code   RO          560    .text               main.o
    0x0800369c   0x0800369c   0x0000001a   Code   RO          613    .text               stm32f4xx_it.o
    0x080036b6   0x080036b6   0x00000002   PAD
    0x080036b8   0x080036b8   0x00000198   Code   RO          640    .text               system_stm32f4xx.o
    0x08003850   0x08003850   0x000000b8   Code   RO          701    .text               app_gps_task.o
    0x08003908   0x08003908   0x000000d0   Code   RO          741    .text               app_led_control.o
    0x080039d8   0x080039d8   0x00000184   Code   RO          770    .text               app_motor_control.o
    0x08003b5c   0x08003b5c   0x00000034   Code   RO          800    .text               app_photoresistor_sensor.o
    0x08003b90   0x08003b90   0x0000000e   Code   RO          827    .text               mc_w.l(strlen.o)
    0x08003b9e   0x08003b9e   0x000000de   Code   RO          857    .text               mf_w.l(ddiv.o)
    0x08003c7c   0x08003c7c   0x0000001a   Code   RO          859    .text               mf_w.l(dfltui.o)
    0x08003c96   0x08003c96   0x00000032   Code   RO          861    .text               mf_w.l(dfixui.o)
    0x08003cc8   0x08003cc8   0x00000030   Code   RO          863    .text               mf_w.l(cdcmple.o)
    0x08003cf8   0x08003cf8   0x00000020   Code   RO          879    .text               mc_w.l(llushr.o)
    0x08003d18   0x08003d18   0x00000000   Code   RO          887    .text               mc_w.l(iusefp.o)
    0x08003d18   0x08003d18   0x000000ba   Code   RO          888    .text               mf_w.l(depilogue.o)
    0x08003dd2   0x08003dd2   0x00000002   PAD
    0x08003dd4   0x08003dd4   0x00000024   Code   RO          890    .text               mc_w.l(init.o)
    0x08003df8   0x08003df8   0x0000001e   Code   RO          892    .text               mc_w.l(llshl.o)
    0x08003e16   0x08003e16   0x0000000e   Code   RO          896    i.__scatterload_copy  mc_w.l(handlers.o)
    0x08003e24   0x08003e24   0x00000002   Code   RO          897    i.__scatterload_null  mc_w.l(handlers.o)
    0x08003e26   0x08003e26   0x0000000e   Code   RO          898    i.__scatterload_zeroinit  mc_w.l(handlers.o)
    0x08003e34   0x08003e34   0x00000050   Code   RO          829    i.free              mc_w.l(malloc.o)
    0x08003e84   0x08003e84   0x0000006c   Code   RO          830    i.malloc            mc_w.l(malloc.o)
    0x08003ef0   0x08003ef0   0x00000014   Data   RO          379    .constdata          tm_stm32f4_dma.o
    0x08003f04   0x08003f04   0x00000020   Data   RO          894    Region$$Table       anon$$obj.o


    Execution Region RW_IRAM1 (Exec base: 0x20000000, Load base: 0x08003f24, Size: 0x00000818, Max: 0x00020000, ABSOLUTE)

    Exec Addr    Load Addr    Size         Type   Attr      Idx    E Section Name        Object

    0x20000000   0x08003f24   0x00000010   Data   RW          125    .data               stm32f4xx_rcc.o
    0x20000010   0x08003f34   0x00000010   Data   RW          274    .data               tm_stm32f4_delay.o
    0x20000020   0x08003f44   0x00000001   Data   RW          320    .data               tm_stm32f4_disco.o
    0x20000021   0x08003f45   0x00000003   PAD
    0x20000024   0x08003f48   0x00000030   Data   RW          415    .data               tm_stm32f4_usart.o
    0x20000054   0x08003f78   0x00000018   Data   RW          447    .data               tm_stm32f4_usart_dma.o
    0x2000006c   0x08003f90   0x00000014   Data   RW          641    .data               system_stm32f4xx.o
    0x20000080   0x08003fa4   0x0000006e   Data   RW          702    .data               app_gps_task.o
    0x200000ee   0x08004012   0x00000004   Data   RW          742    .data               app_led_control.o
    0x200000f2   0x08004016   0x00000002   Data   RW          772    .data               app_motor_control.o
    0x200000f4   0x08004018   0x00000004   Data   RW          885    .data               mc_w.l(mvars.o)
    0x200000f8   0x0800401c   0x00000004   Data   RW          886    .data               mc_w.l(mvars.o)
    0x200000fc        -       0x00000018   Zero   RW          272    .bss                tm_stm32f4_delay.o
    0x20000114        -       0x00000016   Zero   RW          352    .bss                tm_stm32f4_gpio.o
    0x2000012a        -       0x00000020   Zero   RW          412    .bss                tm_stm32f4_usart.o
    0x2000014a        -       0x00000020   Zero   RW          413    .bss                tm_stm32f4_usart.o
    0x2000016a        -       0x00000020   Zero   RW          414    .bss                tm_stm32f4_usart.o
    0x2000018a   0x08004020   0x00000002   PAD
    0x2000018c        -       0x0000003c   Zero   RW          446    .bss                tm_stm32f4_usart_dma.o
    0x200001c8        -       0x00000050   Zero   RW          771    .bss                app_motor_control.o
    0x20000218        -       0x00000200   Zero   RW            2    HEAP                startup_stm32f411xe.o
    0x20000418        -       0x00000400   Zero   RW            1    STACK               startup_stm32f411xe.o


==============================================================================

Image component sizes


      Code (inc. data)   RO Data    RW Data    ZI Data      Debug   Object Name

       184         40          0        110          0       2124   app_gps_task.o
       208         10          0          4          0       1573   app_led_control.o
       388         20          0          2         80       1852   app_motor_control.o
        52          4          0          0          0        728   app_photoresistor_sensor.o
        88          6          0          0          0       3451   main.o
       176         12          0          0          0     282993   misc.o
        36          8        408          0       1536       1020   startup_stm32f411xe.o
       852         20          0          0          0      11254   stm32f4xx_adc.o
       800         32          0          0          0       7305   stm32f4xx_dma.o
        26          0          0          0          0       1452   stm32f4xx_it.o
      1060         52          0         16          0      12755   stm32f4xx_rcc.o
      2524         52          0          0          0      24338   stm32f4xx_tim.o
       856         32          0          0          0       8624   stm32f4xx_usart.o
       408         42          0         20          0       1987   system_stm32f4xx.o
       828         32          0          0          0       7357   tm_stm32f4_adc.o
       384         20          0         16         24      33326   tm_stm32f4_delay.o
       132         14          0          1          0       3870   tm_stm32f4_disco.o
       500         16         20          0          0      32273   tm_stm32f4_dma.o
       668         14          0          0         22       5482   tm_stm32f4_gpio.o
      2384        130          0          0          0      10834   tm_stm32f4_pwm.o
       780         64          0          0          0       2834   tm_stm32f4_timer_properties.o
      1140         60          0         48         96      11557   tm_stm32f4_usart.o
       344         28          0         24         60       3887   tm_stm32f4_usart_dma.o

    ----------------------------------------------------------------------
     14820        708        460        244       1820     472876   Object Totals
         0          0         32          0          0          0   (incl. Generated)
         2          0          0          3          2          0   (incl. Padding)

    ----------------------------------------------------------------------

      Code (inc. data)   RO Data    RW Data    ZI Data      Debug   Library Member Name

         0          0          0          0          0          0   entry.o
         0          0          0          0          0          0   entry10a.o
         0          0          0          0          0          0   entry11a.o
         8          4          0          0          0          0   entry2.o
         4          0          0          0          0          0   entry5.o
         0          0          0          0          0          0   entry7b.o
         0          0          0          0          0          0   entry8b.o
         8          4          0          0          0          0   entry9a.o
        30          0          0          0          0          0   handlers.o
        36          8          0          0          0         68   init.o
         0          0          0          0          0          0   iusefp.o
        30          0          0          0          0         68   llshl.o
        32          0          0          0          0         68   llushr.o
       188         20          0          0          0        160   malloc.o
         0          0          0          8          0          0   mvars.o
        14          0          0          0          0         68   strlen.o
        48          0          0          0          0         68   cdcmple.o
       222          0          0          0          0        100   ddiv.o
       186          0          0          0          0        176   depilogue.o
        50          0          0          0          0         76   dfixui.o
        26          0          0          0          0         76   dfltui.o

    ----------------------------------------------------------------------
       884         36          0          8          0        928   Library Totals
         2          0          0          0          0          0   (incl. Padding)

    ----------------------------------------------------------------------

      Code (inc. data)   RO Data    RW Data    ZI Data      Debug   Library Name

       350         36          0          8          0        432   mc_w.l
       532          0          0          0          0        496   mf_w.l

    ----------------------------------------------------------------------
       884         36          0          8          0        928   Library Totals

    ----------------------------------------------------------------------

==============================================================================


      Code (inc. data)   RO Data    RW Data    ZI Data      Debug   

     15704        744        460        252       1820     468292   Grand Totals
     15704        744        460        252       1820     468292   ELF Image Totals
     15704        744        460        252          0          0   ROM Totals

==============================================================================

    Total RO  Size (Code + RO Data)                16164 (  15.79kB)
    Total RW  Size (RW Data + ZI Data)              2072 (   2.02kB)
    Total ROM Size (Code + RO Data + RW Data)      16416 (  16.03kB)

==============================================================================

