<html>
<body>
<pre>
<h1>µVision Build Log</h1>
<h2>Tool Versions:</h2>
IDE-Version: µVision V5.26.2.0
Copyright (C) 2018 ARM Ltd and ARM Germany GmbH. All rights reserved.
License Information: hung tran, pi-tech, LIC=----
 
Tool Versions:
Toolchain:       MDK-Lite  Version: 5.26.2.0
Toolchain Path:  C:\Keil_v5\ARM\ARMCC\Bin
C Compiler:      Armcc.exe V5.06 update 6 (build 750)
Assembler:       Armasm.exe V5.06 update 6 (build 750)
Linker/Locator:  ArmLink.exe V5.06 update 6 (build 750)
Library Manager: ArmAr.exe V5.06 update 6 (build 750)
Hex Converter:   FromElf.exe V5.06 update 6 (build 750)
CPU DLL:         SARMCM3.DLL V5.26.2.0
Dialog DLL:      DCM.DLL V1.17.2.0
Target DLL:      STLink\ST-LINKIII-KEIL_SWO.dll V3.0.5.0
Dialog DLL:      TCM.DLL V1.36.1.0
 
<h2>Project:</h2>
F:\working\PROJECT\solar_energy_panel_control\project.uvprojx
Project File Date:  09/15/2018

<h2>Output:</h2>
*** Using Compiler 'V5.06 update 6 (build 750)', folder: 'C:\Keil_v5\ARM\ARMCC\Bin'
Rebuild target 'STM32F4-Discovery'
assembling startup_stm32f40_41xxx.s...
compiling misc.c...
compiling stm32f4xx_gpio.c...
compiling stm32f4xx_rcc.c...
compiling tm_stm32f4_delay.c...
compiling stm32f4xx_adc.c...
compiling stm32f4xx_tim.c...
compiling tm_stm32f4_disco.c...
compiling tm_stm32f4_timer_properties.c...
compiling tm_stm32f4_gpio.c...
compiling tm_stm32f4_pwm.c...
compiling tm_stm32f4_adc.c...
compiling stm32f4xx_it.c...
compiling system_stm32f4xx.c...
compiling main.c...
.\application\app_motor_control.h(6): warning:  #1-D: last line of file ends without a newline
  #endif
.\application\app_photoresistor_sensor.h(15): warning:  #1-D: last line of file ends without a newline
  #endif
User\main.c: 2 warnings, 0 errors
compiling app_motor_control.c...
application\app_motor_control.h(6): warning:  #1-D: last line of file ends without a newline
  #endif
application\app_motor_control.c: 1 warning, 0 errors
compiling app_photoresistor_sensor.c...
application\app_photoresistor_sensor.h(15): warning:  #1-D: last line of file ends without a newline
  #endif
application\app_photoresistor_sensor.c: 1 warning, 0 errors
compiling app_button_control.c...
application\app_button_control.h(16): warning:  #1-D: last line of file ends without a newline
  #endif
application\app_button_control.c(11): warning:  #1-D: last line of file ends without a newline
  }
application\app_button_control.c: 2 warnings, 0 errors
compiling app_led_control.c...
application\app_led_control.h(26): warning:  #1-D: last line of file ends without a newline
  #endif
application\app_led_control.c(21): warning:  #1-D: last line of file ends without a newline
  }
application\app_led_control.c: 2 warnings, 0 errors
linking...
Program Size: Code=10624 RO-data=424 RW-data=52 ZI-data=1684  
FromELF: creating hex file...
".\Targets\STM32F4_Discovery\project.axf" - 0 Error(s), 8 Warning(s).

<h2>Software Packages used:</h2>

Package Vendor: Keil
                http://www.keil.com/pack/Keil.STM32F4xx_DFP.2.13.0.pack
                Keil.STM32F4xx_DFP.2.13.0
                STMicroelectronics STM32F4 Series Device Support, Drivers and Examples

<h2>Collection of Component include folders:</h2>
  .\RTE\_STM32F4-Discovery
  C:\Keil_v5\ARM\PACK\Keil\STM32F4xx_DFP\2.13.0\Drivers\CMSIS\Device\ST\STM32F4xx\Include

<h2>Collection of Component Files used:</h2>
Build Time Elapsed:  00:00:04
</pre>
</body>
</html>
