<html>
<body>
<pre>
<h1>µVision Build Log</h1>
<h2>Tool Versions:</h2>
IDE-Version: µVision V5.26.2.0
Copyright (C) 2018 ARM Ltd and ARM Germany GmbH. All rights reserved.
License Information: hung tran, pitech, LIC=----
 
Tool Versions:
Toolchain:       MDK-Lite  Version: 5.26.2.0
Toolchain Path:  C:\Keil_v5\ARM\ARMCC\Bin
C Compiler:      Armcc.exe V5.06 update 6 (build 750)
Assembler:       Armasm.exe V5.06 update 6 (build 750)
Linker/Locator:  ArmLink.exe V5.06 update 6 (build 750)
Library Manager: ArmAr.exe V5.06 update 6 (build 750)
Hex Converter:   FromElf.exe V5.06 update 6 (build 750)
CPU DLL:         SARMCM3.DLL V5.26.2.0
Dialog DLL:      DCM.DLL V1.17.2.0
Target DLL:      Segger\JL2CM3.dll V2.99.31.0
Dialog DLL:      TCM.DLL V1.36.1.0
 
<h2>Project:</h2>
E:\luanvan\solar_energy_panel_control\project.uvprojx
Project File Date:  11/01/2018

<h2>Output:</h2>
*** Using Compiler 'V5.06 update 6 (build 750)', folder: 'C:\Keil_v5\ARM\ARMCC\Bin'
Rebuild target 'STM32F4-Discovery'
assembling startup_stm32f40_41xxx.s...
compiling stm32f4xx_gpio.c...
compiling misc.c...
compiling stm32f4xx_rcc.c...
compiling stm32f4xx_adc.c...
compiling stm32f4xx_dma.c...
compiling stm32f4xx_tim.c...
compiling stm32f4xx_usart.c...
compiling tm_stm32f4_delay.c...
compiling tm_stm32f4_disco.c...
compiling tm_stm32f4_gpio.c...
compiling tm_stm32f4_timer_properties.c...
compiling tm_stm32f4_pwm.c...
compiling tm_stm32f4_adc.c...
compiling tm_stm32f4_usart_dma.c...
compiling tm_stm32f4_usart.c...
compiling stm32f4xx_it.c...
compiling tm_stm32f4_dma.c...
compiling main.c...
.\application\app_motor_control.h(32): warning:  #1-D: last line of file ends without a newline
  #endif
.\application\app_photoresistor_sensor.h(15): warning:  #1-D: last line of file ends without a newline
  #endif
.\application\app_led_control.h(27): warning:  #1-D: last line of file ends without a newline
  #endif
.\application\app_gps_task.h(27): warning:  #1-D: last line of file ends without a newline
  #endif
User\main.c(28): warning:  #177-D: variable "adc0"  was declared but never referenced
  static uint16_t adc0 = 0;
User\main.c(29): warning:  #177-D: variable "adc1"  was declared but never referenced
  static uint16_t adc1 = 0;
User\main.c(30): warning:  #177-D: variable "adc2"  was declared but never referenced
  static uint16_t adc2 = 0;
User\main.c(31): warning:  #177-D: variable "adc3"  was declared but never referenced
  static uint16_t adc3 = 0;
User\main.c: 8 warnings, 0 errors
compiling app_photoresistor_sensor.c...
application\app_photoresistor_sensor.h(15): warning:  #1-D: last line of file ends without a newline
  #endif
application\app_photoresistor_sensor.c: 1 warning, 0 errors
compiling app_motor_control.c...
application\app_motor_control.h(32): warning:  #1-D: last line of file ends without a newline
  #endif
application\app_motor_control.c(90): warning:  #1-D: last line of file ends without a newline
  }
application\app_motor_control.c: 2 warnings, 0 errors
compiling system_stm32f4xx.c...
compiling app_button_control.c...
application\app_button_control.h(16): warning:  #1-D: last line of file ends without a newline
  #endif
application\app_button_control.c(11): warning:  #1-D: last line of file ends without a newline
  }
application\app_button_control.c: 2 warnings, 0 errors
compiling app_led_control.c...
application\app_led_control.h(27): warning:  #1-D: last line of file ends without a newline
  #endif
application\app_led_control.c(81): warning:  #1-D: last line of file ends without a newline
  }
application\app_led_control.c: 2 warnings, 0 errors
compiling app_gps_task.c...
application\app_gps_task.h(27): warning:  #1-D: last line of file ends without a newline
  #endif
application\app_gps_task.c(6): warning:  #177-D: variable "CLOSE_GPS_AT"  was declared but never referenced
  static char CLOSE_GPS_AT[8] = "AT+GPS=0";
application\app_gps_task.c(7): warning:  #177-D: variable "OPEN_AGPS_AT"  was declared but never referenced
  static char OPEN_AGPS_AT[9] = "AT+AGPS=1";
application\app_gps_task.c(8): warning:  #177-D: variable "CLOSE_AGPS_AT"  was declared but never referenced
  static char CLOSE_AGPS_AT[9] = "AT+AGPS=0";
application\app_gps_task.c: 4 warnings, 0 errors
compiling retarget_io.c...
linking...
Program Size: Code=22342 RO-data=446 RW-data=244 ZI-data=2028  
FromELF: creating hex file...
".\Targets\STM32F4_Discovery\project.axf" - 0 Error(s), 19 Warning(s).

<h2>Software Packages used:</h2>

Package Vendor: Keil
                http://www.keil.com/pack/Keil.ARM_Compiler.1.6.0.pack
                Keil.ARM_Compiler.1.6.0
                Keil ARM Compiler extensions for ARM Compiler 5 and ARM Compiler 6
   * Component: STDIN Variant: ITM Version: 1.2.0
   * Component: STDOUT Variant: ITM Version: 1.2.0

Package Vendor: Keil
                http://www.keil.com/pack/Keil.STM32F4xx_DFP.2.13.0.pack
                Keil.STM32F4xx_DFP.2.13.0
                STMicroelectronics STM32F4 Series Device Support, Drivers and Examples

<h2>Collection of Component include folders:</h2>
  .\RTE\_STM32F4-Discovery
  C:\Keil_v5\ARM\PACK\Keil\STM32F4xx_DFP\2.13.0\Drivers\CMSIS\Device\ST\STM32F4xx\Include

<h2>Collection of Component Files used:</h2>

   * Component: Keil.ARM Compiler::Compiler:I/O:STDIN:ITM:1.2.0
      Source file:   Source\retarget_io.c

   * Component: Keil.ARM Compiler::Compiler:I/O:STDOUT:ITM:1.2.0
      Source file:   Source\retarget_io.c
Build Time Elapsed:  00:00:09
</pre>
</body>
</html>
